Component: ARM Compiler 5.06 update 5 (build 528) Tool: armlink [4d35e2]

==============================================================================

Section Cross References

    hw_config.o(i.EXTI_Configuration) refers to stm32f10x_exti.o(i.EXTI_ClearITPendingBit) for EXTI_ClearITPendingBit
    hw_config.o(i.EXTI_Configuration) refers to stm32f10x_exti.o(i.EXTI_Init) for EXTI_Init
    hw_config.o(i.Enter_LowPowerMode) refers to usb_pwr.o(.data) for bDeviceState
    hw_config.o(i.Get_SerialNum) refers to hw_config.o(i.IntToUnicode) for IntToUnicode
    hw_config.o(i.Get_SerialNum) refers to usb_desc.o(.data) for CustomHID_StringSerial
    hw_config.o(i.Leave_LowPowerMode) refers to system_stm32f10x.o(i.SystemInit) for SystemInit
    hw_config.o(i.Leave_LowPowerMode) refers to usb_init.o(.bss) for Device_Info
    hw_config.o(i.Leave_LowPowerMode) refers to usb_pwr.o(.data) for bDeviceState
    hw_config.o(i.Set_USBClock) refers to stm32f10x_rcc.o(i.RCC_USBCLKConfig) for RCC_USBCLKConfig
    hw_config.o(i.Set_USBClock) refers to stm32f10x_rcc.o(i.RCC_APB1PeriphClockCmd) for RCC_APB1PeriphClockCmd
    hw_config.o(i.USB_Interrupts_Config) refers to misc.o(i.NVIC_PriorityGroupConfig) for NVIC_PriorityGroupConfig
    hw_config.o(i.USB_Interrupts_Config) refers to misc.o(i.NVIC_Init) for NVIC_Init
    stm32_it.o(i.USBWakeUp_IRQHandler) refers to stm32f10x_exti.o(i.EXTI_ClearITPendingBit) for EXTI_ClearITPendingBit
    stm32_it.o(i.USB_LP_CAN1_RX0_IRQHandler) refers to usb_istr.o(i.USB_Istr) for USB_Istr
    usb_endp.o(i.EP1_OUT_Callback) refers to usb_sil.o(i.USB_SIL_Read) for USB_SIL_Read
    usb_endp.o(i.EP1_OUT_Callback) refers to main.o(i.HID_Receive) for HID_Receive
    usb_endp.o(i.EP1_OUT_Callback) refers to usb_regs.o(i.SetEPRxStatus) for SetEPRxStatus
    usb_endp.o(i.EP1_OUT_Callback) refers to usb_endp.o(.bss) for Receive_Buffer
    usb_endp.o(i.HID_SendBuff) refers to usb_sil.o(i.USB_SIL_Write) for USB_SIL_Write
    usb_endp.o(i.HID_SendBuff) refers to usb_regs.o(i.SetEPTxValid) for SetEPTxValid
    usb_istr.o(i.USB_Istr) refers to usb_int.o(i.CTR_LP) for CTR_LP
    usb_istr.o(i.USB_Istr) refers to usb_pwr.o(i.Resume) for Resume
    usb_istr.o(i.USB_Istr) refers to usb_istr.o(.data) for wIstr
    usb_istr.o(i.USB_Istr) refers to usb_init.o(.data) for wInterrupt_Mask
    usb_istr.o(i.USB_Istr) refers to usb_prop.o(.data) for Device_Property
    usb_istr.o(.data) refers to usb_endp.o(i.EP1_IN_Callback) for EP1_IN_Callback
    usb_istr.o(.data) refers to usb_core.o(i.NOP_Process) for NOP_Process
    usb_istr.o(.data) refers to usb_endp.o(i.EP1_OUT_Callback) for EP1_OUT_Callback
    usb_prop.o(i.CustomHID_Data_Setup) refers to usb_init.o(.data) for pInformation
    usb_prop.o(i.CustomHID_Data_Setup) refers to usb_prop.o(i.CustomHID_GetReportDescriptor) for CustomHID_GetReportDescriptor
    usb_prop.o(i.CustomHID_Data_Setup) refers to usb_prop.o(i.CustomHID_GetHIDDescriptor) for CustomHID_GetHIDDescriptor
    usb_prop.o(i.CustomHID_Data_Setup) refers to usb_prop.o(i.CustomHID_GetProtocolValue) for CustomHID_GetProtocolValue
    usb_prop.o(i.CustomHID_Data_Setup) refers to usb_prop.o(i.CustomHID_SetReport_Feature) for CustomHID_SetReport_Feature
    usb_prop.o(i.CustomHID_Data_Setup) refers to usb_prop.o(.data) for Request
    usb_prop.o(i.CustomHID_GetConfigDescriptor) refers to usb_core.o(i.Standard_GetDescriptorData) for Standard_GetDescriptorData
    usb_prop.o(i.CustomHID_GetConfigDescriptor) refers to usb_prop.o(.data) for Config_Descriptor
    usb_prop.o(i.CustomHID_GetDeviceDescriptor) refers to usb_core.o(i.Standard_GetDescriptorData) for Standard_GetDescriptorData
    usb_prop.o(i.CustomHID_GetDeviceDescriptor) refers to usb_prop.o(.data) for Device_Descriptor
    usb_prop.o(i.CustomHID_GetHIDDescriptor) refers to usb_core.o(i.Standard_GetDescriptorData) for Standard_GetDescriptorData
    usb_prop.o(i.CustomHID_GetHIDDescriptor) refers to usb_prop.o(.data) for CustomHID_Hid_Descriptor
    usb_prop.o(i.CustomHID_GetProtocolValue) refers to usb_init.o(.data) for pInformation
    usb_prop.o(i.CustomHID_GetProtocolValue) refers to usb_prop.o(.data) for ProtocolValue
    usb_prop.o(i.CustomHID_GetReportDescriptor) refers to usb_core.o(i.Standard_GetDescriptorData) for Standard_GetDescriptorData
    usb_prop.o(i.CustomHID_GetReportDescriptor) refers to usb_prop.o(.data) for CustomHID_Report_Descriptor
    usb_prop.o(i.CustomHID_GetStringDescriptor) refers to usb_core.o(i.Standard_GetDescriptorData) for Standard_GetDescriptorData
    usb_prop.o(i.CustomHID_GetStringDescriptor) refers to usb_init.o(.data) for pInformation
    usb_prop.o(i.CustomHID_GetStringDescriptor) refers to usb_prop.o(.data) for String_Descriptor
    usb_prop.o(i.CustomHID_NoData_Setup) refers to usb_prop.o(i.CustomHID_SetProtocol) for CustomHID_SetProtocol
    usb_prop.o(i.CustomHID_NoData_Setup) refers to usb_init.o(.data) for pInformation
    usb_prop.o(i.CustomHID_Reset) refers to usb_regs.o(i.SetBTABLE) for SetBTABLE
[...]
    FLASH_SetLatency                         0x08002349   Thumb Code    18  stm32f10x_flash.o(i.FLASH_SetLatency)
    FontSet                                  0x08002361   Thumb Code    42  oled_fonst.o(i.FontSet)
    FontSet12                                0x08002391   Thumb Code    10  oled_fonst.o(i.FontSet12)
    FontSet16X26_DEC                         0x080023a1   Thumb Code    10  oled_fonst.o(i.FontSet16X26_DEC)
    GPIO_EXTILineConfig                      0x080023b1   Thumb Code    60  stm32f10x_gpio.o(i.GPIO_EXTILineConfig)
    GPIO_Init                                0x080023f1   Thumb Code   278  stm32f10x_gpio.o(i.GPIO_Init)
    GPIO_ResetBits                           0x08002507   Thumb Code     4  stm32f10x_gpio.o(i.GPIO_ResetBits)
    GPIO_SetBits                             0x0800250b   Thumb Code     4  stm32f10x_gpio.o(i.GPIO_SetBits)
    GetAddressDS1820                         0x08002511   Thumb Code    70  main.o(i.GetAddressDS1820)
    GetEPRxAddr                              0x0800256d   Thumb Code    24  usb_regs.o(i.GetEPRxAddr)
    GetEPRxCount                             0x0800258d   Thumb Code    26  usb_regs.o(i.GetEPRxCount)
    GetEPTxAddr                              0x080025b1   Thumb Code    22  usb_regs.o(i.GetEPTxAddr)
    GetMessureDS1820_adr2                    0x080025d1   Thumb Code   152  main.o(i.GetMessureDS1820_adr2)
    Get_Adc                                  0x08002679   Thumb Code    44  main.o(i.Get_Adc)
    HID_Receive                              0x080026a9   Thumb Code   866  main.o(i.HID_Receive)
    HID_SendBuff                             0x08002a31   Thumb Code    34  usb_endp.o(i.HID_SendBuff)
    HSE_SetSysClk                            0x08002a53   Thumb Code   100  main.o(i.HSE_SetSysClk)
    I2C_CheckEvent                           0x08002ab7   Thumb Code    42  stm32f10x_i2c.o(i.I2C_CheckEvent)
    I2C_Cmd                                  0x08002ae1   Thumb Code    24  stm32f10x_i2c.o(i.I2C_Cmd)
    I2C_Init                                 0x08002af9   Thumb Code   222  stm32f10x_i2c.o(i.I2C_Init)
    In0_Process                              0x08002be5   Thumb Code    98  usb_core.o(i.In0_Process)
    InitTim4                                 0x08002c55   Thumb Code    66  main.o(i.InitTim4)
    Leave_LowPowerMode                       0x08002c9d   Thumb Code    28  hw_config.o(i.Leave_LowPowerMode)
    MonitorTEMPER_DS                         0x08002cc1   Thumb Code   126  main.o(i.MonitorTEMPER_DS)
    NOP_Process                              0x08002d65   Thumb Code     2  usb_core.o(i.NOP_Process)
    NVIC_Init                                0x08002d7d   Thumb Code   100  misc.o(i.NVIC_Init)
    NVIC_PriorityGroupConfig                 0x08002ded   Thumb Code    10  misc.o(i.NVIC_PriorityGroupConfig)
    OLED_DrawChar                            0x08002f39   Thumb Code   190  oled.o(i.OLED_DrawChar)
    OLED_DrawHLine                           0x08002ffd   Thumb Code    40  oled.o(i.OLED_DrawHLine)
    OLED_DrawPixelStatus                     0x08003025   Thumb Code   112  oled.o(i.OLED_DrawPixelStatus)
    OLED_DrawStr                             0x08003099   Thumb Code   150  oled.o(i.OLED_DrawStr)
    OLED_GetWidthStr                         0x08003135   Thumb Code    62  oled.o(i.OLED_GetWidthStr)
    OLED_SendCommand                         0x08003179   Thumb Code    26  oled.o(i.OLED_SendCommand)
    OLED_SendData                            0x08003199   Thumb Code    28  oled.o(i.OLED_SendData)
    OLED_UpdateScreen                        0x080031bd   Thumb Code    74  oled.o(i.OLED_UpdateScreen)
    OW_Init                                  0x08003211   Thumb Code   356  onewire.o(i.OW_Init)
    OW_Reset                                 0x08003385   Thumb Code   132  onewire.o(i.OW_Reset)
    OW_Send                                  0x08003409   Thumb Code   288  onewire.o(i.OW_Send)
    OW_toBits                                0x08003535   Thumb Code    34  onewire.o(i.OW_toBits)
    OW_toByte                                0x08003557   Thumb Code    32  onewire.o(i.OW_toByte)
    Out0_Process                             0x08003579   Thumb Code    70  usb_core.o(i.Out0_Process)
    PID_Compute                              0x080035c9   Thumb Code   212  main.o(i.PID_Compute)
    PMAToUserBufferCopy                      0x080036a9   Thumb Code    34  usb_mem.o(i.PMAToUserBufferCopy)
    Post0_Process                            0x080036d1   Thumb Code    54  usb_core.o(i.Post0_Process)
    PowerOn                                  0x08003719   Thumb Code    54  usb_pwr.o(i.PowerOn)
    RCC_ADCCLKConfig                         0x08003759   Thumb Code    18  stm32f10x_rcc.o(i.RCC_ADCCLKConfig)
    RCC_AHBPeriphClockCmd                    0x08003771   Thumb Code    26  stm32f10x_rcc.o(i.RCC_AHBPeriphClockCmd)
    RCC_APB1PeriphClockCmd                   0x08003791   Thumb Code    26  stm32f10x_rcc.o(i.RCC_APB1PeriphClockCmd)
    RCC_APB2PeriphClockCmd                   0x080037b1   Thumb Code    26  stm32f10x_rcc.o(i.RCC_APB2PeriphClockCmd)
    RCC_DeInit                               0x080037d1   Thumb Code    64  stm32f10x_rcc.o(i.RCC_DeInit)
    RCC_GetClocksFreq                        0x0800381d   Thumb Code   192  stm32f10x_rcc.o(i.RCC_GetClocksFreq)
    RCC_GetFlagStatus                        0x080038f1   Thumb Code    56  stm32f10x_rcc.o(i.RCC_GetFlagStatus)
    RCC_GetSYSCLKSource                      0x0800392d   Thumb Code    10  stm32f10x_rcc.o(i.RCC_GetSYSCLKSource)
    RCC_HCLKConfig                           0x0800393d   Thumb Code    18  stm32f10x_rcc.o(i.RCC_HCLKConfig)
    RCC_HSEConfig                            0x08003955   Thumb Code    70  stm32f10x_rcc.o(i.RCC_HSEConfig)
    RCC_PCLK1Config                          0x080039a1   Thumb Code    18  stm32f10x_rcc.o(i.RCC_PCLK1Config)
    RCC_PCLK2Config                          0x080039b9   Thumb Code    20  stm32f10x_rcc.o(i.RCC_PCLK2Config)
    RCC_PLLCmd                               0x080039d1   Thumb Code     6  stm32f10x_rcc.o(i.RCC_PLLCmd)
    RCC_PLLConfig                            0x080039dd   Thumb Code    24  stm32f10x_rcc.o(i.RCC_PLLConfig)
    RCC_SYSCLKConfig                         0x080039f9   Thumb Code    18  stm32f10x_rcc.o(i.RCC_SYSCLKConfig)
    RCC_USBCLKConfig                         0x08003a11   Thumb Code     6  stm32f10x_rcc.o(i.RCC_USBCLKConfig)
    RCC_WaitForHSEStartUp                    0x08003a1d   Thumb Code    56  stm32f10x_rcc.o(i.RCC_WaitForHSEStartUp)
    RTC_ClearITPendingBit                    0x08003a55   Thumb Code    12  stm32f10x_rtc.o(i.RTC_ClearITPendingBit)
    RTC_GetITStatus                          0x08003a65   Thumb Code    32  stm32f10x_rtc.o(i.RTC_GetITStatus)
    RTC_IRQHandler                           0x08003a89   Thumb Code    22  main.o(i.RTC_IRQHandler)
    RTC_WaitForLastTask                      0x08003aa1   Thumb Code    16  stm32f10x_rtc.o(i.RTC_WaitForLastTask)
    Resume                                   0x08003ab5   Thumb Code   194  usb_pwr.o(i.Resume)
    Resume_Init                              0x08003b85   Thumb Code    30  usb_pwr.o(i.Resume_Init)
    SPI2_IRQHandler                          0x08003ba9   Thumb Code    32  main.o(i.SPI2_IRQHandler)
    SPI_I2S_ClearFlag                        0x08003bcd   Thumb Code     6  stm32f10x_spi.o(i.SPI_I2S_ClearFlag)
    SPI_I2S_GetFlagStatus                    0x08003bd3   Thumb Code    18  stm32f10x_spi.o(i.SPI_I2S_GetFlagStatus)
    SSD1306_DrawPixel                        0x08003be5   Thumb Code   152  ssd1306.o(i.SSD1306_DrawPixel)
    SSD1306_Fill                             0x08003c85   Thumb Code    26  ssd1306.o(i.SSD1306_Fill)
    SSD1306_GotoXY                           0x08003ca5   Thumb Code     8  ssd1306.o(i.SSD1306_GotoXY)
    SSD1306_Putc                             0x08003cb1   Thumb Code   164  ssd1306.o(i.SSD1306_Putc)
    SSD1306_Puts                             0x08003d59   Thumb Code    42  ssd1306.o(i.SSD1306_Puts)
    SSD1306_UpdateScreen                     0x08003d85   Thumb Code    78  ssd1306.o(i.SSD1306_UpdateScreen)
    SetBTABLE                                0x08003ddd   Thumb Code    12  usb_regs.o(i.SetBTABLE)
    SetDeviceAddress                         0x08003ded   Thumb Code    68  usb_core.o(i.SetDeviceAddress)
    SetEPRxAddr                              0x08003e3d   Thumb Code    26  usb_regs.o(i.SetEPRxAddr)
    SetEPRxCount                             0x08003e61   Thumb Code    68  usb_regs.o(i.SetEPRxCount)
    SetEPRxStatus                            0x08003ead   Thumb Code    60  usb_regs.o(i.SetEPRxStatus)
    SetEPRxValid                             0x08003eed   Thumb Code    48  usb_regs.o(i.SetEPRxValid)
    SetEPTxAddr                              0x08003f21   Thumb Code    24  usb_regs.o(i.SetEPTxAddr)
    SetEPTxCount                             0x08003f41   Thumb Code    20  usb_regs.o(i.SetEPTxCount)
    SetEPTxStatus                            0x08003f5d   Thumb Code    60  usb_regs.o(i.SetEPTxStatus)
    SetEPTxValid                             0x08003f9d   Thumb Code    48  usb_regs.o(i.SetEPTxValid)
    SetEPType                                0x08003fd1   Thumb Code    32  usb_regs.o(i.SetEPType)
    Set_System                               0x080040dd   Thumb Code     2  hw_config.o(i.Set_System)
    Set_USBClock                             0x080040df   Thumb Code    18  hw_config.o(i.Set_USBClock)
    Setup0_Process                           0x080040f1   Thumb Code   170  usb_core.o(i.Setup0_Process)
    Standard_ClearFeature                    0x080041a9   Thumb Code   342  usb_core.o(i.Standard_ClearFeature)
    Standard_GetConfiguration                0x08004315   Thumb Code    34  usb_core.o(i.Standard_GetConfiguration)
    Standard_GetDescriptorData               0x08004341   Thumb Code    32  usb_core.o(i.Standard_GetDescriptorData)
    Standard_GetInterface                    0x08004365   Thumb Code    34  usb_core.o(i.Standard_GetInterface)
    Standard_GetStatus                       0x08004391   Thumb Code   238  usb_core.o(i.Standard_GetStatus)
    Standard_SetConfiguration                0x08004491   Thumb Code    60  usb_core.o(i.Standard_SetConfiguration)
    Standard_SetDeviceFeature                0x080044d9   Thumb Code    30  usb_core.o(i.Standard_SetDeviceFeature)
    Standard_SetEndPointFeature              0x08004501   Thumb Code   192  usb_core.o(i.Standard_SetEndPointFeature)
    Standard_SetInterface                    0x080045d1   Thumb Code    96  usb_core.o(i.Standard_SetInterface)
    Starter_motor                            0x0800463d   Thumb Code    44  main.o(i.Starter_motor)
    SysTick_Handler                          0x0800466d   Thumb Code    20  systimer.o(i.SysTick_Handler)
    SysTim_Init                              0x0800468d   Thumb Code   126  systimer.o(i.SysTim_Init)
    SystemCoreClockUpdate                    0x08004721   Thumb Code   142  system_stm32f10x.o(i.SystemCoreClockUpdate)
    SystemInit                               0x080047c5   Thumb Code    70  system_stm32f10x.o(i.SystemInit)
    TIM2_IRQHandler                          0x08004819   Thumb Code    94  encodetim2_pa0_pa1r.o(i.TIM2_IRQHandler)
    TIM4_IRQHandler                          0x0800487d   Thumb Code    56  main.o(i.TIM4_IRQHandler)
    TIM_ClearITPendingBit                    0x080048c9   Thumb Code     6  stm32f10x_tim.o(i.TIM_ClearITPendingBit)
    TIM_Cmd                                  0x080048cf   Thumb Code    24  stm32f10x_tim.o(i.TIM_Cmd)
    TIM_ITConfig                             0x080048e7   Thumb Code    18  stm32f10x_tim.o(i.TIM_ITConfig)
    TIM_SetCompare1                          0x080048f9   Thumb Code     4  stm32f10x_tim.o(i.TIM_SetCompare1)
    TIM_SetCompare2                          0x080048fd   Thumb Code     4  stm32f10x_tim.o(i.TIM_SetCompare2)
    TIM_TimeBaseInit                         0x08004901   Thumb Code   122  stm32f10x_tim.o(i.TIM_TimeBaseInit)
    TIM_TimeBaseStructInit                   0x080049a5   Thumb Code    18  stm32f10x_tim.o(i.TIM_TimeBaseStructInit)
    TurnCompressorOffSafe                    0x080049b9   Thumb Code    26  main.o(i.TurnCompressorOffSafe)
    TurnCompressorOnSafe                     0x080049dd   Thumb Code    26  main.o(i.TurnCompressorOnSafe)
    USART_ClearFlag                          0x08004a01   Thumb Code    18  stm32f10x_usart.o(i.USART_ClearFlag)
    USART_Cmd                                0x08004a13   Thumb Code    24  stm32f10x_usart.o(i.USART_Cmd)
    USART_DMACmd                             0x08004a2b   Thumb Code    18  stm32f10x_usart.o(i.USART_DMACmd)
    USART_GetFlagStatus                      0x08004a3d   Thumb Code    26  stm32f10x_usart.o(i.USART_GetFlagStatus)
    USART_HalfDuplexCmd                      0x08004a57   Thumb Code    24  stm32f10x_usart.o(i.USART_HalfDuplexCmd)
    USART_Init                               0x08004a71   Thumb Code   210  stm32f10x_usart.o(i.USART_Init)
    USART_ReceiveData                        0x08004b49   Thumb Code    10  stm32f10x_usart.o(i.USART_ReceiveData)
    USART_SendData                           0x08004b53   Thumb Code     8  stm32f10x_usart.o(i.USART_SendData)
    USBWakeUp_IRQHandler                     0x08004b5b   Thumb Code    12  stm32_it.o(i.USBWakeUp_IRQHandler)
    USB_Cable_Config                         0x08004b67   Thumb Code     2  hw_config.o(i.USB_Cable_Config)
    USB_Init                                 0x08004b69   Thumb Code    36  usb_init.o(i.USB_Init)
    USB_Interrupts_Config                    0x08004ba5   Thumb Code    66  hw_config.o(i.USB_Interrupts_Config)
    USB_Istr                                 0x08004be9   Thumb Code   380  usb_istr.o(i.USB_Istr)
    USB_LP_CAN1_RX0_IRQHandler               0x08004d85   Thumb Code     8  stm32_it.o(i.USB_LP_CAN1_RX0_IRQHandler)
    USB_SIL_Init                             0x08004d8d   Thumb Code    28  usb_sil.o(i.USB_SIL_Init)
    USB_SIL_Read                             0x08004db1   Thumb Code    46  usb_sil.o(i.USB_SIL_Read)
    USB_SIL_Write                            0x08004ddf   Thumb Code    46  usb_sil.o(i.USB_SIL_Write)
    UpdateCompressor                         0x08004e0d   Thumb Code   388  main.o(i.UpdateCompressor)
    UserToPMABufferCopy                      0x08004fdd   Thumb Code    52  usb_mem.o(i.UserToPMABufferCopy)
    _1306_Fill                               0x08005015   Thumb Code    26  oled.o(i._1306_Fill)
    __ARM_fpclassify                         0x08005035   Thumb Code    40  fpclassify.o(i.__ARM_fpclassify)
    _is_digit                                0x0800505d   Thumb Code    14  __printf_wp.o(i._is_digit)
    adapt_offset                             0x0800506d   Thumb Code   158  main.o(i.adapt_offset)
    adc_pa1_SW6_SMTH_FUNC                    0x08005129   Thumb Code   110  preg.o(i.adc_pa1_SW6_SMTH_FUNC)
    addToDBuffer                             0x080051ad   Thumb Code    50  main.o(i.addToDBuffer)
    addToTrendHistory                        0x080051ed   Thumb Code    50  main.o(i.addToTrendHistory)
    averageN                                 0x0800522d   Thumb Code    70  main.o(i.averageN)
    calculateTrend                           0x08005275   Thumb Code   134  main.o(i.calculateTrend)
    delay                                    0x08005315   Thumb Code    12  main.o(i.delay)
    delay_ms                                 0x08005321   Thumb Code    44  i2c.o(i.delay_ms)
    faze                                     0x0800534d   Thumb Code    96  main.o(i.faze)
    getDAverage                              0x080053bd   Thumb Code    64  main.o(i.getDAverage)
    getTemperature                           0x08005405   Thumb Code    36  main.o(i.getTemperature)
    gpio_init                                0x0800542d   Thumb Code   436  main.o(i.gpio_init)
    init_adc_PA3                             0x080055f1   Thumb Code   182  main.o(i.init_adc_PA3)
    main                                     0x080056b5   Thumb Code   376  main.o(i.main)
    measureCurrent                           0x080058b1   Thumb Code    54  main.o(i.measureCurrent)
    menu11                                   0x080058e9   Thumb Code   706  main.o(i.menu11)
    motorStart_                              0x08005c5d   Thumb Code    12  preg.o(i.motorStart_)
    motorStop_                               0x08005c6d   Thumb Code    12  preg.o(i.motorStop_)
    spi2_init                                0x08005c7d   Thumb Code   290  spi2_new.o(i.spi2_init)
    ssd1306Init                              0x08005db1   Thumb Code   314  ssd1306.o(i.ssd1306Init)
    ssd1306_I2C_Init                         0x08005ef5   Thumb Code   104  ssd1306_i2c.o(i.ssd1306_I2C_Init)
    ssd1306_I2C_Start                        0x08005f69   Thumb Code   166  ssd1306_i2c.o(i.ssd1306_I2C_Start)
    ssd1306_I2C_Stop                         0x08006019   Thumb Code    60  ssd1306_i2c.o(i.ssd1306_I2C_Stop)
    ssd1306_I2C_Write                        0x08006059   Thumb Code    50  ssd1306_i2c.o(i.ssd1306_I2C_Write)
    ssd1306_I2C_WriteData                    0x0800608d   Thumb Code    40  ssd1306_i2c.o(i.ssd1306_I2C_WriteData)
    ssd1306_I2C_WriteMulti                   0x080060b9   Thumb Code    66  ssd1306_i2c.o(i.ssd1306_I2C_WriteMulti)
    submenu11                                0x080060fd   Thumb Code  1652  main.o(i.submenu11)
    tempFilter_add                           0x080067b9   Thumb Code    90  main.o(i.tempFilter_add)
    tempFilter_average                       0x08006825   Thumb Code    36  main.o(i.tempFilter_average)
    updateControl                            0x08006851   Thumb Code    96  main.o(i.updateControl)
    _get_lc_numeric                          0x080068cd   Thumb Code    44  lc_numeric_c.o(locale$$code)
    __aeabi_d2f                              0x080068f9   Thumb Code     0  d2f.o(x$fpl$d2f)
    _d2f                                     0x080068f9   Thumb Code    98  d2f.o(x$fpl$d2f)
    __aeabi_dadd                             0x0800695d   Thumb Code     0  daddsub_clz.o(x$fpl$dadd)
    _dadd                                    0x0800695d   Thumb Code   332  daddsub_clz.o(x$fpl$dadd)
    __fpl_dcmp_Inf                           0x08006aad   Thumb Code    24  dcmpi.o(x$fpl$dcmpinf)
    __aeabi_ddiv                             0x08006ac5   Thumb Code     0  ddiv.o(x$fpl$ddiv)
    _ddiv                                    0x08006ac5   Thumb Code   552  ddiv.o(x$fpl$ddiv)
    __aeabi_cdcmpeq                          0x08006d75   Thumb Code     0  deqf.o(x$fpl$deqf)
    _dcmpeq                                  0x08006d75   Thumb Code   120  deqf.o(x$fpl$deqf)
    __aeabi_d2iz                             0x08006ded   Thumb Code     0  dfix.o(x$fpl$dfix)
    _dfix                                    0x08006ded   Thumb Code    94  dfix.o(x$fpl$dfix)
    __aeabi_d2uiz                            0x08006e4d   Thumb Code     0  dfixu.o(x$fpl$dfixu)
    _dfixu                                   0x08006e4d   Thumb Code    90  dfixu.o(x$fpl$dfixu)
    __aeabi_i2d                              0x08006ea7   Thumb Code     0  dflt_clz.o(x$fpl$dflt)
    _dflt                                    0x08006ea7   Thumb Code    46  dflt_clz.o(x$fpl$dflt)
    __aeabi_cdcmple                          0x08006ed5   Thumb Code     0  dleqf.o(x$fpl$dleqf)
    _dcmple                                  0x08006ed5   Thumb Code   120  dleqf.o(x$fpl$dleqf)
    __fpl_dcmple_InfNaN                      0x08006f37   Thumb Code     0  dleqf.o(x$fpl$dleqf)
    __aeabi_dmul                             0x08006f4d   Thumb Code     0  dmul.o(x$fpl$dmul)
    _dmul                                    0x08006f4d   Thumb Code   332  dmul.o(x$fpl$dmul)
    __fpl_dnaninf                            0x080070a1   Thumb Code   156  dnaninf.o(x$fpl$dnaninf)
    __fpl_dretinf                            0x0800713d   Thumb Code    12  dretinf.o(x$fpl$dretinf)
    __aeabi_cdrcmple                         0x08007149   Thumb Code     0  drleqf.o(x$fpl$drleqf)
    _drcmple                                 0x08007149   Thumb Code   108  drleqf.o(x$fpl$drleqf)
    __aeabi_dsub                             0x080071b5   Thumb Code     0  daddsub_clz.o(x$fpl$dsub)
    _dsub                                    0x080071b5   Thumb Code   464  daddsub_clz.o(x$fpl$dsub)
    __aeabi_f2d                              0x08007389   Thumb Code     0  f2d.o(x$fpl$f2d)
    _f2d                                     0x08007389   Thumb Code    86  f2d.o(x$fpl$f2d)
    __aeabi_fadd                             0x080073e1   Thumb Code     0  faddsub_clz.o(x$fpl$fadd)
    _fadd                                    0x080073e1   Thumb Code   196  faddsub_clz.o(x$fpl$fadd)
    __fpl_fcmp_Inf                           0x080074a5   Thumb Code    24  fcmpi.o(x$fpl$fcmpinf)
    __aeabi_fdiv                             0x080074bd   Thumb Code     0  fdiv.o(x$fpl$fdiv)
    _fdiv                                    0x080074bd   Thumb Code   384  fdiv.o(x$fpl$fdiv)
    __aeabi_f2iz                             0x08007641   Thumb Code     0  ffix.o(x$fpl$ffix)
    _ffix                                    0x08007641   Thumb Code    54  ffix.o(x$fpl$ffix)
    __aeabi_i2f                              0x08007679   Thumb Code     0  fflt_clz.o(x$fpl$fflt)
    _fflt                                    0x08007679   Thumb Code    48  fflt_clz.o(x$fpl$fflt)
    __aeabi_cfcmple                          0x080076a9   Thumb Code     0  fleqf.o(x$fpl$fleqf)
    _fcmple                                  0x080076a9   Thumb Code   104  fleqf.o(x$fpl$fleqf)
    __fpl_fcmple_InfNaN                      0x080076fb   Thumb Code     0  fleqf.o(x$fpl$fleqf)
    __aeabi_fmul                             0x08007711   Thumb Code     0  fmul.o(x$fpl$fmul)
    _fmul                                    0x08007711   Thumb Code   258  fmul.o(x$fpl$fmul)
    __fpl_fnaninf                            0x08007813   Thumb Code   140  fnaninf.o(x$fpl$fnaninf)
    __fpl_fretinf                            0x0800789f   Thumb Code    10  fretinf.o(x$fpl$fretinf)
    __aeabi_cfrcmple                         0x080078a9   Thumb Code     0  frleqf.o(x$fpl$frleqf)
    _frcmple                                 0x080078a9   Thumb Code    98  frleqf.o(x$fpl$frleqf)
    __aeabi_fsub                             0x0800790d   Thumb Code     0  faddsub_clz.o(x$fpl$fsub)
    _fsub                                    0x0800790d   Thumb Code   234  faddsub_clz.o(x$fpl$fsub)
    _printf_fp_dec                           0x080079f7   Thumb Code     4  printf1.o(x$fpl$printf1)
    CustomHID_DeviceDescriptor               0x080079fa   Data          18  usb_desc.o(.constdata)
    __I$use$fp                               0x080079fa   Number         0  usenofp.o(x$fpl$usenofp)
    CustomHID_ConfigDescriptor               0x08007a0c   Data          41  usb_desc.o(.constdata)
    CustomHID_ReportDescriptor               0x08007a35   Data          32  usb_desc.o(.constdata)
    CustomHID_StringLangID                   0x08007a55   Data           4  usb_desc.o(.constdata)
    CustomHID_StringVendor                   0x08007a59   Data          42  usb_desc.o(.constdata)
    CustomHID_StringProduct                  0x08007a83   Data          38  usb_desc.o(.constdata)
    Font7x10                                 0x08007aaa   Data        1900  fonts.o(.constdata)
    Font11x18                                0x08008216   Data        3420  fonts.o(.constdata)
    Font16x26                                0x08008f72   Data        4940  fonts.o(.constdata)
    BigNumbers                               0x0800a2be   Data        1172  oled_fonst.o(.constdata)
    Segoe_UI_Rus_12                          0x0800a752   Data        2980  oled_fonst.o(.constdata)
    Arial_Rus_7                              0x0800b2f6   Data        1828  oled_fonst.o(.constdata)
    Region$$Table$$Base                      0x0800bac0   Number         0  anon$$obj.o(Region$$Table)
    Region$$Table$$Limit                     0x0800bae0   Number         0  anon$$obj.o(Region$$Table)
    CustomHID_StringSerial                   0x20000000   Data          12  usb_desc.o(.data)
    wIstr                                    0x2000000c   Data           2  usb_istr.o(.data)
    bIntPackSOF                              0x2000000e   Data           1  usb_istr.o(.data)
    esof_counter                             0x20000010   Data           4  usb_istr.o(.data)
    wCNTR                                    0x20000014   Data           4  usb_istr.o(.data)
    pEpInt_IN                                0x20000018   Data          28  usb_istr.o(.data)
    pEpInt_OUT                               0x20000034   Data          28  usb_istr.o(.data)
    ProtocolValue                            0x20000050   Data           4  usb_prop.o(.data)
    Request                                  0x20000054   Data           1  usb_prop.o(.data)
    Report_Buf                               0x20000055   Data           1  usb_prop.o(.data)
    Device_Table                             0x20000056   Data           2  usb_prop.o(.data)
    Device_Property                          0x20000058   Data          48  usb_prop.o(.data)
    User_Standard_Requests                   0x20000088   Data          36  usb_prop.o(.data)
    Device_Descriptor                        0x200000ac   Data           8  usb_prop.o(.data)
    Config_Descriptor                        0x200000b4   Data           8  usb_prop.o(.data)
    CustomHID_Report_Descriptor              0x200000bc   Data           8  usb_prop.o(.data)
    CustomHID_Hid_Descriptor                 0x200000c4   Data           8  usb_prop.o(.data)
    String_Descriptor                        0x200000cc   Data          32  usb_prop.o(.data)
    bDeviceState                             0x200000ec   Data           4  usb_pwr.o(.data)
    fSuspendEnabled                          0x200000f0   Data           1  usb_pwr.o(.data)
    ResumeS                                  0x200000f1   Data           2  usb_pwr.o(.data)
    remotewakeupon                           0x200000f4   Data           4  usb_pwr.o(.data)
    StatusInfo                               0x200000f8   Data           2  usb_core.o(.data)
    Data_Mul_MaxPacketSize                   0x200000fa   Data           1  usb_core.o(.data)
    EPindex                                  0x200000fc   Data           1  usb_init.o(.data)
    pInformation                             0x20000100   Data           4  usb_init.o(.data)
    pProperty                                0x20000104   Data           4  usb_init.o(.data)
    SaveState                                0x20000108   Data           2  usb_init.o(.data)
    wInterrupt_Mask                          0x2000010a   Data           2  usb_init.o(.data)
    pUser_Standard_Requests                  0x2000010c   Data           4  usb_init.o(.data)
    SaveRState                               0x20000110   Data           2  usb_int.o(.data)
    SaveTState                               0x20000112   Data           2  usb_int.o(.data)
    SystemCoreClock                          0x20000128   Data           4  system_stm32f10x.o(.data)
    AHBPrescTable                            0x2000012c   Data          16  system_stm32f10x.o(.data)
    Font_7x10                                0x20000148   Data           8  fonts.o(.data)
    Font_11x18                               0x20000150   Data           8  fonts.o(.data)
    Font_16x26                               0x20000158   Data           8  fonts.o(.data)
    BKPDataReg                               0x20000168   Data          84  main.o(.data)
    i                                        0x200001bc   Data           4  main.o(.data)
    counter                                  0x200001c0   Data           4  main.o(.data)
    result_1                                 0x200001c4   Data           4  main.o(.data)
    GPIO_InitStruct                          0x200001c8   Data           4  main.o(.data)
    EXTI_InitStruct                          0x200001cc   Data           8  main.o(.data)
    NVIC_InitStructure                       0x200001d4   Data           4  main.o(.data)
    cnt_Led                                  0x200001d8   Data           4  main.o(.data)
    out                                      0x200001dc   Data           4  main.o(.data)
    diapazon                                 0x200001e0   Data           8  main.o(.data)
    raznost_polka_tcar                       0x200001e8   Data           8  main.o(.data)
    Enbl_Starter                             0x200001f0   Data           1  main.o(.data)
    Switch_Programm                          0x200001f4   Data           4  main.o(.data)
    prev_Tcurrent                            0x200001f8   Data           8  main.o(.data)
    delta                                    0x20000200   Data           8  main.o(.data)
    prev_delta                               0x20000208   Data           8  main.o(.data)
    Str                                      0x20000210   Data           4  main.o(.data)
    prev_value1                              0x20000218   Data           8  main.o(.data)
    prev_value2                              0x20000220   Data           8  main.o(.data)
    _min                                     0x20000228   Data           8  main.o(.data)
    _max                                     0x20000230   Data           8  main.o(.data)
    Calculated_Tstop                         0x20000238   Data           8  main.o(.data)
    cnt_polka                                0x20000240   Data           4  main.o(.data)
    starter_second                           0x20000244   Data           4  main.o(.data)
    iTime_hold_target                        0x20000248   Data           4  main.o(.data)
    cnt_work_pump                            0x2000024c   Data           4  main.o(.data)
    cnt_adjust                               0x20000250   Data           4  main.o(.data)
    cnt_work_pump_tstop                      0x20000254   Data           4  main.o(.data)
    prev_cnt_work_pump_tstop                 0x20000258   Data           4  main.o(.data)
    cnt_run                                  0x2000025c   Data           4  main.o(.data)
    prev_cnt_run                             0x20000260   Data           4  main.o(.data)
    cnt_second                               0x20000264   Data           4  main.o(.data)
    starter_sec                              0x20000268   Data           4  main.o(.data)
    str_cnt_second                           0x2000026c   Data           4  main.o(.data)
    min                                      0x20000270   Data           8  main.o(.data)
    max                                      0x20000278   Data           8  main.o(.data)
    modul                                    0x20000280   Data           8  main.o(.data)
    Kf_up                                    0x20000288   Data           8  main.o(.data)
    sign_minus                               0x20000290   Data           1  main.o(.data)
    stabilizacija                            0x20000291   Data           1  main.o(.data)
    start                                    0x20000292   Data           1  main.o(.data)
    FirstTime                                0x20000293   Data           1  main.o(.data)
    encoder                                  0x20000294   Data           4  main.o(.data)
    nVol                                     0x20000298   Data           4  main.o(.data)
    FirstEner                                0x2000029c   Data           1  main.o(.data)
    activ_menu                               0x2000029d   Data           1  main.o(.data)
    CurrentTenmper                           0x200002a0   Data           8  main.o(.data)
    CurrentPrev                              0x200002a8   Data           8  main.o(.data)
    number32                                 0x200002b0   Data           8  main.o(.data)
    firs_number32                            0x200002b8   Data           8  main.o(.data)
    encoder_read_previous                    0x200002c0   Data           4  main.o(.data)
    encoder_real                             0x200002c4   Data           4  main.o(.data)
    val                                      0x200002c8   Data           4  main.o(.data)
    start_convert                            0x200002cc   Data           4  main.o(.data)
    flag_eprom_slop_intercept                0x200002d0   Data           4  main.o(.data)
    buffer_temp2                             0x200002d4   Data          15  main.o(.data)
    flag_wait                                0x200002e8   Data           4  main.o(.data)
    main_menu                                0x200002ec   Data           4  main.o(.data)
    adc_pa0                                  0x200002f0   Data           2  main.o(.data)
    adc_pa1                                  0x200002f2   Data           2  main.o(.data)
    adc_pa1_                                 0x200002f4   Data           2  main.o(.data)
    temper_hex1                              0x200002f8   Data           4  main.o(.data)
    temper_hex2                              0x200002fc   Data           4  main.o(.data)
    temper_hex_l                             0x20000300   Data           4  main.o(.data)
    temper_hex_h                             0x20000304   Data           4  main.o(.data)
    temper_dec                               0x20000308   Data           4  main.o(.data)
    temper_hex_half_gradus                   0x2000030c   Data           4  main.o(.data)
    eprcnt                                   0x20000310   Data           4  main.o(.data)
    System_CoreClock                         0x20000314   Data           4  main.o(.data)
    preveus_CoreClock                        0x20000318   Data           4  main.o(.data)
    Time_delay                               0x2000031c   Data           4  main.o(.data)
    tr                                       0x20000320   Data           4  main.o(.data)
    stm_st1                                  0x20000324   Data           4  main.o(.data)
    t                                        0x20000328   Data           1  main.o(.data)
    setpoint                                 0x20000360   Data           4  main.o(.data)
    dt                                       0x200003e4   Data           4  main.o(.data)
    sigma_process                            0x200003e8   Data           4  main.o(.data)
    sigma_noise                              0x200003ec   Data           4  main.o(.data)
    dif                                      0x200003f0   Data           8  main.o(.data)
    limit                                    0x200003f8   Data           8  main.o(.data)
    curr                                     0x20000400   Data           8  main.o(.data)
    k                                        0x20000408   Data           8  main.o(.data)
    cnt_points                               0x20000410   Data           4  main.o(.data)
    prev_encod                               0x20000414   Data           4  main.o(.data)
    tmp_modul                                0x20000418   Data           4  main.o(.data)
    tmp_encod_znak                           0x2000041c   Data           4  main.o(.data)
    tmp_first                                0x20000420   Data           4  main.o(.data)
    itmp_enc                                 0x20000424   Data           4  main.o(.data)
    dtmp_enc                                 0x20000428   Data           8  main.o(.data)
    dtmp_prev                                0x20000430   Data           8  main.o(.data)
    dtmp_modul                               0x20000438   Data           8  main.o(.data)
    dtmp_first                               0x20000440   Data           8  main.o(.data)
    SysTimer_Counter                         0x200004a0   Data           4  systimer.o(.data)
    SysTimer_Step                            0x200004a4   Data           2  systimer.o(.data)
    tmpcnt                                   0x200004a8   Data           4  encodetim2_pa0_pa1r.o(.data)
    Counter                                  0x200004ac   Data           4  encodetim2_pa0_pa1r.o(.data)
    Rotate                                   0x200004b0   Data           1  encodetim2_pa0_pa1r.o(.data)
    sign                                     0x200004b4   Data           4  encodetim2_pa0_pa1r.o(.data)
    ENC_MenuNum                              0x200004b8   Data           2  encodetim2_pa0_pa1r.o(.data)
    target_t                                 0x200004c0   Data           8  preg.o(.data)
    Limit_delt                               0x200004c8   Data           8  preg.o(.data)
    Polka                                    0x200004d0   Data           8  preg.o(.data)
    prvTc                                    0x200004d8   Data           8  preg.o(.data)
    cnt_target_polka                         0x200004e0   Data           4  preg.o(.data)
    preCnt                                   0x200004e4   Data           4  preg.o(.data)
    T_min                                    0x200004e8   Data           8  preg.o(.data)
    delta_min                                0x200004f0   Data           8  preg.o(.data)
    delta_max                                0x200004f8   Data           8  preg.o(.data)
    Delta_stop_before                        0x20000500   Data           8  preg.o(.data)
    raznost                                  0x20000508   Data           8  preg.o(.data)
    prey_temper                              0x20000510   Data           8  preg.o(.data)
    SW0                                      0x20000518   Data           1  preg.o(.data)
    SW1                                      0x20000519   Data           1  preg.o(.data)
    SW2                                      0x2000051a   Data           1  preg.o(.data)
    SW3                                      0x2000051b   Data           1  preg.o(.data)
    SW4                                      0x2000051c   Data           1  preg.o(.data)
    SW5                                      0x2000051d   Data           1  preg.o(.data)
    SW6                                      0x2000051e   Data           1  preg.o(.data)
    SW7                                      0x2000051f   Data           1  preg.o(.data)
    SW8                                      0x20000520   Data           1  preg.o(.data)
    First_in                                 0x20000521   Data           1  preg.o(.data)
    OneTime                                  0x20000522   Data           1  preg.o(.data)
    cmd_quiui                                0x20000524   Data           4  preg.o(.data)
    cnt_SW0                                  0x20000528   Data           4  preg.o(.data)
    prv_difrent                              0x20000530   Data           8  preg.o(.data)
    vect_direction                           0x20000538   Data           8  preg.o(.data)
    cnt_auto_search                          0x20000540   Data           4  preg.o(.data)
    cntaverage                               0x20000544   Data           4  preg.o(.data)
    ADC_Work_current                         0x20000548   Data           8  preg.o(.data)
    pointup                                  0x20000550   Data           1  preg.o(.data)
    aver_count                               0x20000554   Data           4  preg.o(.data)
    correct_temp                             0x20000558   Data           8  preg.o(.data)
    pre_Tcur                                 0x20000560   Data           8  preg.o(.data)
    pre_Tcur2                                0x20000568   Data           8  preg.o(.data)
    avegage_count                            0x20000570   Data           4  preg.o(.data)
    Cnt_points                               0x20000574   Data           4  preg.o(.data)
    Limit_polka                              0x20000578   Data           8  preg.o(.data)
    flag_otladka                             0x20000580   Data           4  preg.o(.data)
    tmp                                      0x20000588   Data           8  preg.o(.data)
    delt_tmp                                 0x20000590   Data           8  preg.o(.data)
    Begin_calculate                          0x20000598   Data           4  preg.o(.data)
    Receive_Buffer                           0x2000059c   Data           9  usb_endp.o(.bss)
    Device_Info                              0x200005a8   Data          28  usb_init.o(.bss)
    Font                                     0x200011c4   Data          16  oled_fonst.o(.bss)
    timer                                    0x200011d8   Data          10  main.o(.bss)
    rtc                                      0x200011e2   Data          40  main.o(.bss)
    maxmin                                   0x20001210   Data          80  main.o(.bss)
    Menu                                     0x20001260   Data          32  main.o(.bss)
    buffer_temp                              0x20001280   Data          15  main.o(.bss)
    buffer_temp3                             0x2000128f   Data          20  main.o(.bss)
    Prepare_Buf2WritEpr                      0x200012a3   Data          16  main.o(.bss)
    DS18b20                                  0x200012b4   Data          40  main.o(.bss)
    get_buf                                  0x200012dc   Data          20  main.o(.bss)
    TIM_TimeBaseStructure                    0x20001428   Data          10  main.o(.bss)
    give_adr                                 0x20001432   Data          18  main.o(.bss)
    ow_buf                                   0x20001444   Data          16  onewire.o(.bss)
    tbuf                                     0x20001454   Data          16  onewire.o(.bss)
    DMA_InitStructure                        0x20001464   Data          44  onewire.o(.bss)
    USART_InitStructure                      0x20001490   Data          16  onewire.o(.bss)
    scratch                                  0x200014a0   Data          32  onewire.o(.bss)
    __libspace_start                         0x200014c0   Data          96  libspace.o(.bss)
    __temporary_stack_top$libspace           0x20001520   Data           0  libspace.o(.bss)



==============================================================================

Memory Map of the image

  Image Entry point : 0x080000ed

  Load Region LR_IROM1 (Base: 0x08000000, Size: 0x0000c098, Max: 0x00010000, ABSOLUTE, COMPRESSED[0x0000bc30])

    Execution Region ER_IROM1 (Exec base: 0x08000000, Load base: 0x08000000, Size: 0x0000bafc, Max: 0x00010000, ABSOLUTE)

    Exec Addr    Load Addr    Size         Type   Attr      Idx    E Section Name        Object

    0x08000000   0x08000000   0x000000ec   Data   RO         4005    RESET               startup_stm32f10x_md.o
    0x080000ec   0x080000ec   0x00000008   Code   RO         5767  * !!!main             c_w.l(__main.o)
    0x080000f4   0x080000f4   0x00000034   Code   RO         6168    !!!scatter          c_w.l(__scatter.o)
    0x08000128   0x08000128   0x0000005a   Code   RO         6166    !!dczerorl2         c_w.l(__dczerorl2.o)
    0x08000182   0x08000182   0x00000002   PAD
    0x08000184   0x08000184   0x0000001c   Code   RO         6170    !!handler_zi        c_w.l(__scatter_zi.o)
    0x080001a0   0x080001a0   0x00000000   Code   RO         5754    .ARM.Collect$$_printf_percent$$00000000  c_w.l(_printf_percent.o)
    0x080001a0   0x080001a0   0x00000006   Code   RO         5753    .ARM.Collect$$_printf_percent$$00000005  c_w.l(_printf_g.o)
    0x080001a6   0x080001a6   0x00000004   Code   RO         5866    .ARM.Collect$$_printf_percent$$00000017  c_w.l(_printf_percent_end.o)
    0x080001aa   0x080001aa   0x00000002   Code   RO         5973    .ARM.Collect$$libinit$$00000000  c_w.l(libinit.o)
    0x080001ac   0x080001ac   0x00000000   Code   RO         5975    .ARM.Collect$$libinit$$00000002  c_w.l(libinit2.o)
    0x080001ac   0x080001ac   0x00000000   Code   RO         5977    .ARM.Collect$$libinit$$00000004  c_w.l(libinit2.o)
    0x080001ac   0x080001ac   0x00000000   Code   RO         5980    .ARM.Collect$$libinit$$0000000A  c_w.l(libinit2.o)
    0x080001ac   0x080001ac   0x00000000   Code   RO         5982    .ARM.Collect$$libinit$$0000000C  c_w.l(libinit2.o)
    0x080001ac   0x080001ac   0x00000000   Code   RO         5984    .ARM.Collect$$libinit$$0000000E  c_w.l(libinit2.o)
    0x080001ac   0x080001ac   0x00000006   Code   RO         5985    .ARM.Collect$$libinit$$0000000F  c_w.l(libinit2.o)
    0x080001b2   0x080001b2   0x00000000   Code   RO         5987    .ARM.Collect$$libinit$$00000011  c_w.l(libinit2.o)
    0x080001b2   0x080001b2   0x00000000   Code   RO         5989    .ARM.Collect$$libinit$$00000013  c_w.l(libinit2.o)
    0x080001b2   0x080001b2   0x00000000   Code   RO         5991    .ARM.Collect$$libinit$$00000015  c_w.l(libinit2.o)
    0x080001b2   0x080001b2   0x0000000a   Code   RO         5992    .ARM.Collect$$libinit$$00000016  c_w.l(libinit2.o)
    0x080001bc   0x080001bc   0x00000000   Code   RO         5993    .ARM.Collect$$libinit$$00000017  c_w.l(libinit2.o)
    0x080001bc   0x080001bc   0x00000000   Code   RO         5995    .ARM.Collect$$libinit$$00000019  c_w.l(libinit2.o)
    0x080001bc   0x080001bc   0x00000000   Code   RO         5997    .ARM.Collect$$libinit$$0000001B  c_w.l(libinit2.o)
    0x080001bc   0x080001bc   0x00000000   Code   RO         5999    .ARM.Collect$$libinit$$0000001D  c_w.l(libinit2.o)
    0x080001bc   0x080001bc   0x00000000   Code   RO         6001    .ARM.Collect$$libinit$$0000001F  c_w.l(libinit2.o)
    0x080001bc   0x080001bc   0x00000000   Code   RO         6003    .ARM.Collect$$libinit$$00000021  c_w.l(libinit2.o)
    0x080001bc   0x080001bc   0x00000000   Code   RO         6005    .ARM.Collect$$libinit$$00000023  c_w.l(libinit2.o)
    0x080001bc   0x080001bc   0x00000000   Code   RO         6007    .ARM.Collect$$libinit$$00000025  c_w.l(libinit2.o)
    0x080001bc   0x080001bc   0x00000000   Code   RO         6011    .ARM.Collect$$libinit$$0000002C  c_w.l(libinit2.o)
    0x080001bc   0x080001bc   0x00000000   Code   RO         6013    .ARM.Collect$$libinit$$0000002E  c_w.l(libinit2.o)
    0x080001bc   0x080001bc   0x00000000   Code   RO         6015    .ARM.Collect$$libinit$$00000030  c_w.l(libinit2.o)
    0x080001bc   0x080001bc   0x00000000   Code   RO         6017    .ARM.Collect$$libinit$$00000032  c_w.l(libinit2.o)
    0x080001bc   0x080001bc   0x00000002   Code   RO         6018    .ARM.Collect$$libinit$$00000033  c_w.l(libinit2.o)
    0x080001be   0x080001be   0x00000002   Code   RO         6079    .ARM.Collect$$libshutdown$$00000000  c_w.l(libshutdown.o)
    0x080001c0   0x080001c0   0x00000000   Code   RO         6104    .ARM.Collect$$libshutdown$$00000002  c_w.l(libshutdown2.o)
    0x080001c0   0x080001c0   0x00000000   Code   RO         6106    .ARM.Collect$$libshutdown$$00000004  c_w.l(libshutdown2.o)
    0x080001c0   0x080001c0   0x00000000   Code   RO         6109    .ARM.Collect$$libshutdown$$00000007  c_w.l(libshutdown2.o)
    0x080001c0   0x080001c0   0x00000000   Code   RO         6112    .ARM.Collect$$libshutdown$$0000000A  c_w.l(libshutdown2.o)
    0x080001c0   0x080001c0   0x00000000   Code   RO         6114    .ARM.Collect$$libshutdown$$0000000C  c_w.l(libshutdown2.o)
    0x080001c0   0x080001c0   0x00000000   Code   RO         6117    .ARM.Collect$$libshutdown$$0000000F  c_w.l(libshutdown2.o)
    0x080001c0   0x080001c0   0x00000002   Code   RO         6118    .ARM.Collect$$libshutdown$$00000010  c_w.l(libshutdown2.o)
    0x080001c2   0x080001c2   0x00000000   Code   RO         5853    .ARM.Collect$$rtentry$$00000000  c_w.l(__rtentry.o)
    0x080001c2   0x080001c2   0x00000000   Code   RO         5887    .ARM.Collect$$rtentry$$00000002  c_w.l(__rtentry2.o)
    0x080001c2   0x080001c2   0x00000006   Code   RO         5899    .ARM.Collect$$rtentry$$00000004  c_w.l(__rtentry4.o)
    0x080001c8   0x080001c8   0x00000000   Code   RO         5889    .ARM.Collect$$rtentry$$00000009  c_w.l(__rtentry2.o)
    0x080001c8   0x080001c8   0x00000004   Code   RO         5890    .ARM.Collect$$rtentry$$0000000A  c_w.l(__rtentry2.o)
    0x080001cc   0x080001cc   0x00000000   Code   RO         5892    .ARM.Collect$$rtentry$$0000000C  c_w.l(__rtentry2.o)
    0x080001cc   0x080001cc   0x00000008   Code   RO         5893    .ARM.Collect$$rtentry$$0000000D  c_w.l(__rtentry2.o)
    0x080001d4   0x080001d4   0x00000002   Code   RO         6019    .ARM.Collect$$rtexit$$00000000  c_w.l(rtexit.o)
    0x080001d6   0x080001d6   0x00000000   Code   RO         6045    .ARM.Collect$$rtexit$$00000002  c_w.l(rtexit2.o)
    0x080001d6   0x080001d6   0x00000004   Code   RO         6046    .ARM.Collect$$rtexit$$00000003  c_w.l(rtexit2.o)
    0x080001da   0x080001da   0x00000006   Code   RO         6047    .ARM.Collect$$rtexit$$00000004  c_w.l(rtexit2.o)
    0x080001e0   0x080001e0   0x00000040   Code   RO         4006    .text               startup_stm32f10x_md.o
    0x08000220   0x08000220   0x00000034   Code   RO         5723    .text               c_w.l(noretval__2snprintf.o)
    0x08000254   0x08000254   0x00000138   Code   RO         5743    .text               c_w.l(__printf_flags_wp.o)
    0x0800038c   0x0800038c   0x0000003e   Code   RO         5757    .text               c_w.l(strlen.o)
    0x080003ca   0x080003ca   0x00000010   Code   RO         5761    .text               c_w.l(aeabi_memset.o)
    0x080003da   0x080003da   0x0000004e   Code   RO         5763    .text               c_w.l(rt_memclr_w.o)
    0x08000428   0x08000428   0x00000006   Code   RO         5765    .text               c_w.l(heapauxi.o)
    0x0800042e   0x0800042e   0x0000041e   Code   RO         5858    .text               c_w.l(_printf_fp_dec.o)
    0x0800084c   0x0800084c   0x00000030   Code   RO         5860    .text               c_w.l(_printf_char_common.o)
    0x0800087c   0x0800087c   0x0000000a   Code   RO         5862    .text               c_w.l(_sputc.o)
    0x08000886   0x08000886   0x00000010   Code   RO         5864    .text               c_w.l(_snputc.o)
    0x08000896   0x08000896   0x00000044   Code   RO         5869    .text               c_w.l(rt_memclr.o)
    0x080008da   0x080008da   0x00000002   PAD
    0x080008dc   0x080008dc   0x00000008   Code   RO         5904    .text               c_w.l(rt_locale_intlibspace.o)
    0x080008e4   0x080008e4   0x0000008a   Code   RO         5911    .text               c_w.l(lludiv10.o)
    0x0800096e   0x0800096e   0x00000002   PAD
    0x08000970   0x08000970   0x00000080   Code   RO         5915    .text               c_w.l(_printf_fp_infnan.o)
    0x080009f0   0x080009f0   0x000000e4   Code   RO         5921    .text               c_w.l(bigflt0.o)
    0x08000ad4   0x08000ad4   0x00000008   Code   RO         5955    .text               c_w.l(libspace.o)
    0x08000adc   0x08000adc   0x0000004a   Code   RO         5958    .text               c_w.l(sys_stackheap_outer.o)
    0x08000b26   0x08000b26   0x00000012   Code   RO         5964    .text               c_w.l(exit.o)
    0x08000b38   0x08000b38   0x00000080   Code   RO         5966    .text               c_w.l(strcmpv7m.o)
    0x08000bb8   0x08000bb8   0x0000000c   Code   RO         6065    .text               c_w.l(sys_exit.o)
    0x08000bc4   0x08000bc4   0x00000002   Code   RO         6094    .text               c_w.l(use_no_semi.o)
    0x08000bc6   0x08000bc6   0x00000000   Code   RO         6096    .text               c_w.l(indicate_semi.o)
    0x08000bc6   0x08000bc6   0x0000003e   Code   RO         5924    CL$$btod_d2e        c_w.l(btod.o)
    0x08000c04   0x08000c04   0x00000046   Code   RO         5926    CL$$btod_d2e_denorm_low  c_w.l(btod.o)
    0x08000c4a   0x08000c4a   0x00000060   Code   RO         5925    CL$$btod_d2e_norm_op1  c_w.l(btod.o)
    0x08000caa   0x08000caa   0x00000338   Code   RO         5934    CL$$btod_div_common  c_w.l(btod.o)
    0x08000fe2   0x08000fe2   0x000000dc   Code   RO         5931    CL$$btod_e2e        c_w.l(btod.o)
    0x080010be   0x080010be   0x0000002a   Code   RO         5928    CL$$btod_ediv       c_w.l(btod.o)
    0x080010e8   0x080010e8   0x0000002a   Code   RO         5927    CL$$btod_emul       c_w.l(btod.o)
    0x08001112   0x08001112   0x00000244   Code   RO         5933    CL$$btod_mult_common  c_w.l(btod.o)
    0x08001356   0x08001356   0x00000002   PAD
    0x08001358   0x08001358   0x00000020   Code   RO         4438    i.ADC1_2_IRQHandler  main.o
    0x08001378   0x08001378   0x0000000a   Code   RO         1066    i.ADC_ClearITPendingBit  stm32f10x_adc.o
    0x08001382   0x08001382   0x00000016   Code   RO         1067    i.ADC_Cmd           stm32f10x_adc.o
    0x08001398   0x08001398   0x00000014   Code   RO         1075    i.ADC_GetCalibrationStatus  stm32f10x_adc.o
    0x080013ac   0x080013ac   0x00000008   Code   RO         1076    i.ADC_GetConversionValue  stm32f10x_adc.o
    0x080013b4   0x080013b4   0x00000024   Code   RO         1079    i.ADC_GetITStatus   stm32f10x_adc.o
    0x080013d8   0x080013d8   0x00000014   Code   RO         1081    i.ADC_GetResetCalibrationStatus  stm32f10x_adc.o
    0x080013ec   0x080013ec   0x00000050   Code   RO         1085    i.ADC_Init          stm32f10x_adc.o
    0x0800143c   0x0800143c   0x000000b8   Code   RO         1089    i.ADC_RegularChannelConfig  stm32f10x_adc.o
    0x080014f4   0x080014f4   0x0000000a   Code   RO         1090    i.ADC_ResetCalibration  stm32f10x_adc.o
    0x080014fe   0x080014fe   0x00000016   Code   RO         1092    i.ADC_SoftwareStartConvCmd  stm32f10x_adc.o
    0x08001514   0x08001514   0x0000000a   Code   RO         1094    i.ADC_StartCalibration  stm32f10x_adc.o
    0x0800151e   0x0800151e   0x0000000c   Code   RO          641    i.ByteSwap          usb_regs.o
    0x0800152a   0x0800152a   0x00000002   PAD
    0x0800152c   0x0800152c   0x00000288   Code   RO          594    i.CTR_LP            usb_int.o
    0x080017b4   0x080017b4   0x00000034   Code   RO          642    i.ClearDTOG_RX      usb_regs.o
    0x080017e8   0x080017e8   0x00000034   Code   RO          643    i.ClearDTOG_TX      usb_regs.o
    0x0800181c   0x0800181c   0x00000028   Code   RO          648    i.Clear_Status_Out  usb_regs.o
    0x08001844   0x08001844   0x000000a0   Code   RO          289    i.CustomHID_Data_Setup  usb_prop.o
    0x080018e4   0x080018e4   0x00000014   Code   RO          290    i.CustomHID_GetConfigDescriptor  usb_prop.o
    0x080018f8   0x080018f8   0x00000014   Code   RO          291    i.CustomHID_GetDeviceDescriptor  usb_prop.o
    0x0800190c   0x0800190c   0x00000014   Code   RO          292    i.CustomHID_GetHIDDescriptor  usb_prop.o
    0x08001920   0x08001920   0x0000001c   Code   RO          293    i.CustomHID_GetProtocolValue  usb_prop.o
    0x0800193c   0x0800193c   0x00000014   Code   RO          294    i.CustomHID_GetReportDescriptor  usb_prop.o
    0x08001950   0x08001950   0x00000028   Code   RO          295    i.CustomHID_GetStringDescriptor  usb_prop.o
    0x08001978   0x08001978   0x00000016   Code   RO          296    i.CustomHID_Get_Interface_Setting  usb_prop.o
    0x0800198e   0x0800198e   0x00000002   PAD
    0x08001990   0x08001990   0x00000024   Code   RO          297    i.CustomHID_NoData_Setup  usb_prop.o
    0x080019b4   0x080019b4   0x000000b8   Code   RO          298    i.CustomHID_Reset   usb_prop.o
    0x08001a6c   0x08001a6c   0x00000018   Code   RO          299    i.CustomHID_SetConfiguration  usb_prop.o
    0x08001a84   0x08001a84   0x0000000c   Code   RO          300    i.CustomHID_SetDeviceAddress  usb_prop.o
    0x08001a90   0x08001a90   0x00000018   Code   RO          301    i.CustomHID_SetProtocol  usb_prop.o
    0x08001aa8   0x08001aa8   0x0000001c   Code   RO          302    i.CustomHID_SetReport_Feature  usb_prop.o
    0x08001ac4   0x08001ac4   0x00000002   Code   RO          303    i.CustomHID_Status_In  usb_prop.o
    0x08001ac6   0x08001ac6   0x00000002   Code   RO          304    i.CustomHID_Status_Out  usb_prop.o
    0x08001ac8   0x08001ac8   0x00000024   Code   RO          305    i.CustomHID_init    usb_prop.o
    0x08001aec   0x08001aec   0x00000016   Code   RO         1722    i.DMA_Cmd           stm32f10x_dma.o
    0x08001b02   0x08001b02   0x00000002   PAD
    0x08001b04   0x08001b04   0x0000014c   Code   RO         1723    i.DMA_DeInit        stm32f10x_dma.o
    0x08001c50   0x08001c50   0x0000002c   Code   RO         1725    i.DMA_GetFlagStatus  stm32f10x_dma.o
    0x08001c7c   0x08001c7c   0x00000012   Code   RO         1727    i.DMA_ITConfig      stm32f10x_dma.o
    0x08001c8e   0x08001c8e   0x0000003c   Code   RO         1728    i.DMA_Init          stm32f10x_dma.o
    0x08001cca   0x08001cca   0x00000002   PAD
    0x08001ccc   0x08001ccc   0x000000c0   Code   RO          451    i.DataStageIn       usb_core.o
    0x08001d8c   0x08001d8c   0x000000bc   Code   RO          452    i.DataStageOut      usb_core.o
    0x08001e48   0x08001e48   0x00000298   Code   RO          453    i.Data_Setup0       usb_core.o
    0x080020e0   0x080020e0   0x00000002   Code   RO          235    i.EP1_IN_Callback   usb_endp.o
    0x080020e2   0x080020e2   0x00000002   PAD
    0x080020e4   0x080020e4   0x00000024   Code   RO          236    i.EP1_OUT_Callback  usb_endp.o
    0x08002108   0x08002108   0x00000028   Code   RO         4441    i.EXTI0_IRQHandler  main.o
    0x08002130   0x08002130   0x00000016   Code   RO         4442    i.EXTI15_10_IRQHandler  main.o
    0x08002146   0x08002146   0x00000002   PAD
    0x08002148   0x08002148   0x00000028   Code   RO         4443    i.EXTI1_IRQHandler  main.o
    0x08002170   0x08002170   0x00000050   Code   RO         4444    i.EXTI2_IRQHandler  main.o
    0x080021c0   0x080021c0   0x00000054   Code   RO         4445    i.EXTI4_IRQHandler  main.o
    0x08002214   0x08002214   0x00000050   Code   RO         4446    i.EXTI9_5_IRQHandler  main.o
    0x08002264   0x08002264   0x0000000c   Code   RO         1787    i.EXTI_ClearITPendingBit  stm32f10x_exti.o
    0x08002270   0x08002270   0x00000028   Code   RO         1791    i.EXTI_GetITStatus  stm32f10x_exti.o
    0x08002298   0x08002298   0x00000094   Code   RO         1792    i.EXTI_Init         stm32f10x_exti.o
    0x0800232c   0x0800232c   0x0000001c   Code   RO         1857    i.FLASH_PrefetchBufferCmd  stm32f10x_flash.o
    0x08002348   0x08002348   0x00000018   Code   RO         1862    i.FLASH_SetLatency  stm32f10x_flash.o
    0x08002360   0x08002360   0x00000030   Code   RO         4399    i.FontSet           oled_fonst.o
    0x08002390   0x08002390   0x00000010   Code   RO         4400    i.FontSet12         oled_fonst.o
    0x080023a0   0x080023a0   0x00000010   Code   RO         4401    i.FontSet16X26_DEC  oled_fonst.o
    0x080023b0   0x080023b0   0x00000040   Code   RO         2137    i.GPIO_EXTILineConfig  stm32f10x_gpio.o
    0x080023f0   0x080023f0   0x00000116   Code   RO         2140    i.GPIO_Init         stm32f10x_gpio.o
    0x08002506   0x08002506   0x00000004   Code   RO         2147    i.GPIO_ResetBits    stm32f10x_gpio.o
    0x0800250a   0x0800250a   0x00000004   Code   RO         2148    i.GPIO_SetBits      stm32f10x_gpio.o
    0x0800250e   0x0800250e   0x00000002   PAD
    0x08002510   0x08002510   0x0000005c   Code   RO         4447    i.GetAddressDS1820  main.o
    0x0800256c   0x0800256c   0x00000020   Code   RO          660    i.GetEPRxAddr       usb_regs.o
    0x0800258c   0x0800258c   0x00000024   Code   RO          661    i.GetEPRxCount      usb_regs.o
    0x080025b0   0x080025b0   0x00000020   Code   RO          663    i.GetEPTxAddr       usb_regs.o
    0x080025d0   0x080025d0   0x000000a8   Code   RO         4448    i.GetMessureDS1820_adr2  main.o
    0x08002678   0x08002678   0x00000030   Code   RO         4449    i.Get_Adc           main.o
    0x080026a8   0x080026a8   0x00000388   Code   RO         4451    i.HID_Receive       main.o
    0x08002a30   0x08002a30   0x00000022   Code   RO          238    i.HID_SendBuff      usb_endp.o
    0x08002a52   0x08002a52   0x00000064   Code   RO         4452    i.HSE_SetSysClk     main.o
    0x08002ab6   0x08002ab6   0x0000002a   Code   RO         2251    i.I2C_CheckEvent    stm32f10x_i2c.o
    0x08002ae0   0x08002ae0   0x00000018   Code   RO         2254    i.I2C_Cmd           stm32f10x_i2c.o
    0x08002af8   0x08002af8   0x000000ec   Code   RO         2268    i.I2C_Init          stm32f10x_i2c.o
    0x08002be4   0x08002be4   0x00000070   Code   RO          454    i.In0_Process       usb_core.o
    0x08002c54   0x08002c54   0x00000048   Code   RO         4457    i.InitTim4          main.o
    0x08002c9c   0x08002c9c   0x00000024   Code   RO            5    i.Leave_LowPowerMode  hw_config.o
    0x08002cc0   0x08002cc0   0x000000a4   Code   RO         4458    i.MonitorTEMPER_DS  main.o
    0x08002d64   0x08002d64   0x00000002   Code   RO          455    i.NOP_Process       usb_core.o
    0x08002d66   0x08002d66   0x00000016   Code   RO         4460    i.NVIC_EnableIRQ    main.o
    0x08002d7c   0x08002d7c   0x00000070   Code   RO         1025    i.NVIC_Init         misc.o
    0x08002dec   0x08002dec   0x00000014   Code   RO         1026    i.NVIC_PriorityGroupConfig  misc.o
    0x08002e00   0x08002e00   0x00000138   Code   RO          456    i.NoData_Setup0     usb_core.o
    0x08002f38   0x08002f38   0x000000c4   Code   RO         4222    i.OLED_DrawChar     oled.o
    0x08002ffc   0x08002ffc   0x00000028   Code   RO         4225    i.OLED_DrawHLine    oled.o
    0x08003024   0x08003024   0x00000074   Code   RO         4229    i.OLED_DrawPixelStatus  oled.o
    0x08003098   0x08003098   0x0000009c   Code   RO         4232    i.OLED_DrawStr      oled.o
    0x08003134   0x08003134   0x00000044   Code   RO         4238    i.OLED_GetWidthStr  oled.o
    0x08003178   0x08003178   0x00000020   Code   RO         4239    i.OLED_SendCommand  oled.o
    0x08003198   0x08003198   0x00000024   Code   RO         4240    i.OLED_SendData     oled.o
    0x080031bc   0x080031bc   0x00000054   Code   RO         4242    i.OLED_UpdateScreen  oled.o
    0x08003210   0x08003210   0x00000174   Code   RO         4959    i.OW_Init           onewire.o
    0x08003384   0x08003384   0x00000084   Code   RO         4962    i.OW_Reset          onewire.o
    0x08003408   0x08003408   0x0000012c   Code   RO         4963    i.OW_Send           onewire.o
    0x08003534   0x08003534   0x00000022   Code   RO         4968    i.OW_toBits         onewire.o
    0x08003556   0x08003556   0x00000020   Code   RO         4969    i.OW_toByte         onewire.o
    0x08003576   0x08003576   0x00000002   PAD
    0x08003578   0x08003578   0x00000050   Code   RO          457    i.Out0_Process      usb_core.o
    0x080035c8   0x080035c8   0x000000e0   Code   RO         4461    i.PID_Compute       main.o
    0x080036a8   0x080036a8   0x00000028   Code   RO          623    i.PMAToUserBufferCopy  usb_mem.o
    0x080036d0   0x080036d0   0x00000048   Code   RO          458    i.Post0_Process     usb_core.o
    0x08003718   0x08003718   0x00000040   Code   RO          409    i.PowerOn           usb_pwr.o
    0x08003758   0x08003758   0x00000018   Code   RO         2548    i.RCC_ADCCLKConfig  stm32f10x_rcc.o
    0x08003770   0x08003770   0x00000020   Code   RO         2549    i.RCC_AHBPeriphClockCmd  stm32f10x_rcc.o
    0x08003790   0x08003790   0x00000020   Code   RO         2550    i.RCC_APB1PeriphClockCmd  stm32f10x_rcc.o
    0x080037b0   0x080037b0   0x00000020   Code   RO         2552    i.RCC_APB2PeriphClockCmd  stm32f10x_rcc.o
    0x080037d0   0x080037d0   0x0000004c   Code   RO         2559    i.RCC_DeInit        stm32f10x_rcc.o
    0x0800381c   0x0800381c   0x000000d4   Code   RO         2560    i.RCC_GetClocksFreq  stm32f10x_rcc.o
    0x080038f0   0x080038f0   0x0000003c   Code   RO         2561    i.RCC_GetFlagStatus  stm32f10x_rcc.o
    0x0800392c   0x0800392c   0x00000010   Code   RO         2563    i.RCC_GetSYSCLKSource  stm32f10x_rcc.o
    0x0800393c   0x0800393c   0x00000018   Code   RO         2564    i.RCC_HCLKConfig    stm32f10x_rcc.o
    0x08003954   0x08003954   0x0000004c   Code   RO         2565    i.RCC_HSEConfig     stm32f10x_rcc.o
    0x080039a0   0x080039a0   0x00000018   Code   RO         2571    i.RCC_PCLK1Config   stm32f10x_rcc.o
    0x080039b8   0x080039b8   0x00000018   Code   RO         2572    i.RCC_PCLK2Config   stm32f10x_rcc.o
    0x080039d0   0x080039d0   0x0000000c   Code   RO         2573    i.RCC_PLLCmd        stm32f10x_rcc.o
    0x080039dc   0x080039dc   0x0000001c   Code   RO         2574    i.RCC_PLLConfig     stm32f10x_rcc.o
    0x080039f8   0x080039f8   0x00000018   Code   RO         2577    i.RCC_SYSCLKConfig  stm32f10x_rcc.o
    0x08003a10   0x08003a10   0x0000000c   Code   RO         2578    i.RCC_USBCLKConfig  stm32f10x_rcc.o
    0x08003a1c   0x08003a1c   0x00000038   Code   RO         2579    i.RCC_WaitForHSEStartUp  stm32f10x_rcc.o
    0x08003a54   0x08003a54   0x00000010   Code   RO         2749    i.RTC_ClearITPendingBit  stm32f10x_rtc.o
    0x08003a64   0x08003a64   0x00000024   Code   RO         2755    i.RTC_GetITStatus   stm32f10x_rtc.o
    0x08003a88   0x08003a88   0x00000016   Code   RO         4466    i.RTC_IRQHandler    main.o
    0x08003a9e   0x08003a9e   0x00000002   PAD
    0x08003aa0   0x08003aa0   0x00000014   Code   RO         2760    i.RTC_WaitForLastTask  stm32f10x_rtc.o
    0x08003ab4   0x08003ab4   0x000000d0   Code   RO          410    i.Resume            usb_pwr.o
    0x08003b84   0x08003b84   0x00000024   Code   RO          411    i.Resume_Init       usb_pwr.o
    0x08003ba8   0x08003ba8   0x00000024   Code   RO         4467    i.SPI2_IRQHandler   main.o
    0x08003bcc   0x08003bcc   0x00000006   Code   RO         3033    i.SPI_I2S_ClearFlag  stm32f10x_spi.o
    0x08003bd2   0x08003bd2   0x00000012   Code   RO         3037    i.SPI_I2S_GetFlagStatus  stm32f10x_spi.o
    0x08003be4   0x08003be4   0x000000a0   Code   RO         4016    i.SSD1306_DrawPixel  ssd1306.o
    0x08003c84   0x08003c84   0x00000020   Code   RO         4019    i.SSD1306_Fill      ssd1306.o
    0x08003ca4   0x08003ca4   0x0000000c   Code   RO         4020    i.SSD1306_GotoXY    ssd1306.o
    0x08003cb0   0x08003cb0   0x000000a8   Code   RO         4024    i.SSD1306_Putc      ssd1306.o
    0x08003d58   0x08003d58   0x0000002a   Code   RO         4025    i.SSD1306_Puts      ssd1306.o
    0x08003d82   0x08003d82   0x00000002   PAD
    0x08003d84   0x08003d84   0x00000058   Code   RO         4027    i.SSD1306_UpdateScreen  ssd1306.o
    0x08003ddc   0x08003ddc   0x00000010   Code   RO          671    i.SetBTABLE         usb_regs.o
    0x08003dec   0x08003dec   0x00000050   Code   RO          459    i.SetDeviceAddress  usb_core.o
    0x08003e3c   0x08003e3c   0x00000024   Code   RO          685    i.SetEPRxAddr       usb_regs.o
    0x08003e60   0x08003e60   0x0000004c   Code   RO          686    i.SetEPRxCount      usb_regs.o
    0x08003eac   0x08003eac   0x00000040   Code   RO          687    i.SetEPRxStatus     usb_regs.o
    0x08003eec   0x08003eec   0x00000034   Code   RO          688    i.SetEPRxValid      usb_regs.o
    0x08003f20   0x08003f20   0x00000020   Code   RO          689    i.SetEPTxAddr       usb_regs.o
    0x08003f40   0x08003f40   0x0000001c   Code   RO          690    i.SetEPTxCount      usb_regs.o
    0x08003f5c   0x08003f5c   0x00000040   Code   RO          691    i.SetEPTxStatus     usb_regs.o
    0x08003f9c   0x08003f9c   0x00000034   Code   RO          692    i.SetEPTxValid      usb_regs.o
    0x08003fd0   0x08003fd0   0x00000024   Code   RO          693    i.SetEPType         usb_regs.o
    0x08003ff4   0x08003ff4   0x00000008   Code   RO         3950    i.SetSysClock       system_stm32f10x.o
    0x08003ffc   0x08003ffc   0x000000e0   Code   RO         3951    i.SetSysClockTo72   system_stm32f10x.o
    0x080040dc   0x080040dc   0x00000002   Code   RO            6    i.Set_System        hw_config.o
    0x080040de   0x080040de   0x00000012   Code   RO            7    i.Set_USBClock      hw_config.o
    0x080040f0   0x080040f0   0x000000b8   Code   RO          460    i.Setup0_Process    usb_core.o
    0x080041a8   0x080041a8   0x0000016c   Code   RO          461    i.Standard_ClearFeature  usb_core.o
    0x08004314   0x08004314   0x0000002c   Code   RO          462    i.Standard_GetConfiguration  usb_core.o
    0x08004340   0x08004340   0x00000024   Code   RO          463    i.Standard_GetDescriptorData  usb_core.o
    0x08004364   0x08004364   0x0000002c   Code   RO          464    i.Standard_GetInterface  usb_core.o
    0x08004390   0x08004390   0x00000100   Code   RO          465    i.Standard_GetStatus  usb_core.o
    0x08004490   0x08004490   0x00000048   Code   RO          466    i.Standard_SetConfiguration  usb_core.o
    0x080044d8   0x080044d8   0x00000028   Code   RO          467    i.Standard_SetDeviceFeature  usb_core.o
    0x08004500   0x08004500   0x000000d0   Code   RO          468    i.Standard_SetEndPointFeature  usb_core.o
    0x080045d0   0x080045d0   0x0000006c   Code   RO          469    i.Standard_SetInterface  usb_core.o
    0x0800463c   0x0800463c   0x00000030   Code   RO         4468    i.Starter_motor     main.o
    0x0800466c   0x0800466c   0x00000020   Code   RO         5224    i.SysTick_Handler   systimer.o
    0x0800468c   0x0800468c   0x00000094   Code   RO         5227    i.SysTim_Init       systimer.o
    0x08004720   0x08004720   0x000000a4   Code   RO         3952    i.SystemCoreClockUpdate  system_stm32f10x.o
    0x080047c4   0x080047c4   0x00000054   Code   RO         3953    i.SystemInit        system_stm32f10x.o
    0x08004818   0x08004818   0x00000064   Code   RO         5417    i.TIM2_IRQHandler   encodetim2_pa0_pa1r.o
    0x0800487c   0x0800487c   0x0000004c   Code   RO         4473    i.TIM4_IRQHandler   main.o
    0x080048c8   0x080048c8   0x00000006   Code   RO         3179    i.TIM_ClearITPendingBit  stm32f10x_tim.o
    0x080048ce   0x080048ce   0x00000018   Code   RO         3184    i.TIM_Cmd           stm32f10x_tim.o
    0x080048e6   0x080048e6   0x00000012   Code   RO         3209    i.TIM_ITConfig      stm32f10x_tim.o
    0x080048f8   0x080048f8   0x00000004   Code   RO         3245    i.TIM_SetCompare1   stm32f10x_tim.o
    0x080048fc   0x080048fc   0x00000004   Code   RO         3246    i.TIM_SetCompare2   stm32f10x_tim.o
    0x08004900   0x08004900   0x000000a4   Code   RO         3255    i.TIM_TimeBaseInit  stm32f10x_tim.o
    0x080049a4   0x080049a4   0x00000012   Code   RO         3256    i.TIM_TimeBaseStructInit  stm32f10x_tim.o
    0x080049b6   0x080049b6   0x00000002   PAD
    0x080049b8   0x080049b8   0x00000024   Code   RO         4475    i.TurnCompressorOffSafe  main.o
    0x080049dc   0x080049dc   0x00000024   Code   RO         4476    i.TurnCompressorOnSafe  main.o
    0x08004a00   0x08004a00   0x00000012   Code   RO         3716    i.USART_ClearFlag   stm32f10x_usart.o
    0x08004a12   0x08004a12   0x00000018   Code   RO         3720    i.USART_Cmd         stm32f10x_usart.o
    0x08004a2a   0x08004a2a   0x00000012   Code   RO         3721    i.USART_DMACmd      stm32f10x_usart.o
    0x08004a3c   0x08004a3c   0x0000001a   Code   RO         3723    i.USART_GetFlagStatus  stm32f10x_usart.o
    0x08004a56   0x08004a56   0x00000018   Code   RO         3725    i.USART_HalfDuplexCmd  stm32f10x_usart.o
    0x08004a6e   0x08004a6e   0x00000002   PAD
    0x08004a70   0x08004a70   0x000000d8   Code   RO         3727    i.USART_Init        stm32f10x_usart.o
    0x08004b48   0x08004b48   0x0000000a   Code   RO         3734    i.USART_ReceiveData  stm32f10x_usart.o
    0x08004b52   0x08004b52   0x00000008   Code   RO         3737    i.USART_SendData    stm32f10x_usart.o
    0x08004b5a   0x08004b5a   0x0000000c   Code   RO          198    i.USBWakeUp_IRQHandler  stm32_it.o
    0x08004b66   0x08004b66   0x00000002   Code   RO            8    i.USB_Cable_Config  hw_config.o
    0x08004b68   0x08004b68   0x0000003c   Code   RO          570    i.USB_Init          usb_init.o
    0x08004ba4   0x08004ba4   0x00000042   Code   RO            9    i.USB_Interrupts_Config  hw_config.o
    0x08004be6   0x08004be6   0x00000002   PAD
    0x08004be8   0x08004be8   0x0000019c   Code   RO          268    i.USB_Istr          usb_istr.o
    0x08004d84   0x08004d84   0x00000008   Code   RO          199    i.USB_LP_CAN1_RX0_IRQHandler  stm32_it.o
    0x08004d8c   0x08004d8c   0x00000024   Code   RO         1001    i.USB_SIL_Init      usb_sil.o
    0x08004db0   0x08004db0   0x0000002e   Code   RO         1002    i.USB_SIL_Read      usb_sil.o
    0x08004dde   0x08004dde   0x0000002e   Code   RO         1003    i.USB_SIL_Write     usb_sil.o
    0x08004e0c   0x08004e0c   0x000001d0   Code   RO         4477    i.UpdateCompressor  main.o
    0x08004fdc   0x08004fdc   0x00000038   Code   RO          624    i.UserToPMABufferCopy  usb_mem.o
    0x08005014   0x08005014   0x00000020   Code   RO         4243    i._1306_Fill        oled.o
    0x08005034   0x08005034   0x00000028   Code   RO         5953    i.__ARM_fpclassify  m_ws.l(fpclassify.o)
    0x0800505c   0x0800505c   0x0000000e   Code   RO         5741    i._is_digit         c_w.l(__printf_wp.o)
    0x0800506a   0x0800506a   0x00000002   PAD
    0x0800506c   0x0800506c   0x000000bc   Code   RO         4479    i.adapt_offset      main.o
    0x08005128   0x08005128   0x00000084   Code   RO         5612    i.adc_pa1_SW6_SMTH_FUNC  preg.o
    0x080051ac   0x080051ac   0x00000040   Code   RO         4481    i.addToDBuffer      main.o
    0x080051ec   0x080051ec   0x00000040   Code   RO         4482    i.addToTrendHistory  main.o
    0x0800522c   0x0800522c   0x00000046   Code   RO         4483    i.averageN          main.o
    0x08005272   0x08005272   0x00000002   PAD
    0x08005274   0x08005274   0x000000a0   Code   RO         4484    i.calculateTrend    main.o
    0x08005314   0x08005314   0x0000000c   Code   RO         4486    i.delay             main.o
    0x08005320   0x08005320   0x0000002c   Code   RO         5062    i.delay_ms          i2c.o
    0x0800534c   0x0800534c   0x00000070   Code   RO         4494    i.faze              main.o
    0x080053bc   0x080053bc   0x00000048   Code   RO         4495    i.getDAverage       main.o
    0x08005404   0x08005404   0x00000028   Code   RO         4496    i.getTemperature    main.o
    0x0800542c   0x0800542c   0x000001c4   Code   RO         4498    i.gpio_init         main.o
    0x080055f0   0x080055f0   0x000000c4   Code   RO         4499    i.init_adc_PA3      main.o
    0x080056b4   0x080056b4   0x000001fc   Code   RO         4501    i.main              main.o
    0x080058b0   0x080058b0   0x00000036   Code   RO         4502    i.measureCurrent    main.o
    0x080058e6   0x080058e6   0x00000002   PAD
    0x080058e8   0x080058e8   0x00000374   Code   RO         4504    i.menu11            main.o
    0x08005c5c   0x08005c5c   0x00000010   Code   RO         5615    i.motorStart_       preg.o
    0x08005c6c   0x08005c6c   0x00000010   Code   RO         5616    i.motorStop_        preg.o
    0x08005c7c   0x08005c7c   0x00000134   Code   RO         5486    i.spi2_init         spi2_new.o
    0x08005db0   0x08005db0   0x00000144   Code   RO         4028    i.ssd1306Init       ssd1306.o
    0x08005ef4   0x08005ef4   0x00000074   Code   RO         4150    i.ssd1306_I2C_Init  ssd1306_i2c.o
    0x08005f68   0x08005f68   0x000000b0   Code   RO         4152    i.ssd1306_I2C_Start  ssd1306_i2c.o
    0x08006018   0x08006018   0x00000040   Code   RO         4153    i.ssd1306_I2C_Stop  ssd1306_i2c.o
    0x08006058   0x08006058   0x00000032   Code   RO         4154    i.ssd1306_I2C_Write  ssd1306_i2c.o
    0x0800608a   0x0800608a   0x00000002   PAD
    0x0800608c   0x0800608c   0x0000002c   Code   RO         4155    i.ssd1306_I2C_WriteData  ssd1306_i2c.o
    0x080060b8   0x080060b8   0x00000042   Code   RO         4156    i.ssd1306_I2C_WriteMulti  ssd1306_i2c.o
    0x080060fa   0x080060fa   0x00000002   PAD
    0x080060fc   0x080060fc   0x000006bc   Code   RO         4508    i.submenu11         main.o
    0x080067b8   0x080067b8   0x0000006c   Code   RO         4509    i.tempFilter_add    main.o
    0x08006824   0x08006824   0x0000002c   Code   RO         4510    i.tempFilter_average  main.o
    0x08006850   0x08006850   0x0000007c   Code   RO         4511    i.updateControl     main.o
    0x080068cc   0x080068cc   0x0000002c   Code   RO         5947    locale$$code        c_w.l(lc_numeric_c.o)
    0x080068f8   0x080068f8   0x00000062   Code   RO         5769    x$fpl$d2f           fz_ws.l(d2f.o)
    0x0800695a   0x0800695a   0x00000002   PAD
    0x0800695c   0x0800695c   0x00000150   Code   RO         5771    x$fpl$dadd          fz_ws.l(daddsub_clz.o)
    0x08006aac   0x08006aac   0x00000018   Code   RO         5871    x$fpl$dcmpinf       fz_ws.l(dcmpi.o)
    0x08006ac4   0x08006ac4   0x000002b0   Code   RO         5778    x$fpl$ddiv          fz_ws.l(ddiv.o)
    0x08006d74   0x08006d74   0x00000078   Code   RO         5781    x$fpl$deqf          fz_ws.l(deqf.o)
    0x08006dec   0x08006dec   0x0000005e   Code   RO         5783    x$fpl$dfix          fz_ws.l(dfix.o)
    0x08006e4a   0x08006e4a   0x00000002   PAD
    0x08006e4c   0x08006e4c   0x0000005a   Code   RO         5787    x$fpl$dfixu         fz_ws.l(dfixu.o)
    0x08006ea6   0x08006ea6   0x0000002e   Code   RO         5792    x$fpl$dflt          fz_ws.l(dflt_clz.o)
    0x08006ed4   0x08006ed4   0x00000078   Code   RO         5797    x$fpl$dleqf         fz_ws.l(dleqf.o)
    0x08006f4c   0x08006f4c   0x00000154   Code   RO         5799    x$fpl$dmul          fz_ws.l(dmul.o)
    0x080070a0   0x080070a0   0x0000009c   Code   RO         5873    x$fpl$dnaninf       fz_ws.l(dnaninf.o)
    0x0800713c   0x0800713c   0x0000000c   Code   RO         5875    x$fpl$dretinf       fz_ws.l(dretinf.o)
    0x08007148   0x08007148   0x0000006c   Code   RO         5801    x$fpl$drleqf        fz_ws.l(drleqf.o)
    0x080071b4   0x080071b4   0x000001d4   Code   RO         5773    x$fpl$dsub          fz_ws.l(daddsub_clz.o)
    0x08007388   0x08007388   0x00000056   Code   RO         5803    x$fpl$f2d           fz_ws.l(f2d.o)
    0x080073de   0x080073de   0x00000002   PAD
    0x080073e0   0x080073e0   0x000000c4   Code   RO         5805    x$fpl$fadd          fz_ws.l(faddsub_clz.o)
    0x080074a4   0x080074a4   0x00000018   Code   RO         5879    x$fpl$fcmpinf       fz_ws.l(fcmpi.o)
    0x080074bc   0x080074bc   0x00000184   Code   RO         5812    x$fpl$fdiv          fz_ws.l(fdiv.o)
    0x08007640   0x08007640   0x00000036   Code   RO         5815    x$fpl$ffix          fz_ws.l(ffix.o)
    0x08007676   0x08007676   0x00000002   PAD
    0x08007678   0x08007678   0x00000030   Code   RO         5824    x$fpl$fflt          fz_ws.l(fflt_clz.o)
    0x080076a8   0x080076a8   0x00000068   Code   RO         5829    x$fpl$fleqf         fz_ws.l(fleqf.o)
    0x08007710   0x08007710   0x00000102   Code   RO         5831    x$fpl$fmul          fz_ws.l(fmul.o)
    0x08007812   0x08007812   0x0000008c   Code   RO         5881    x$fpl$fnaninf       fz_ws.l(fnaninf.o)
    0x0800789e   0x0800789e   0x0000000a   Code   RO         5883    x$fpl$fretinf       fz_ws.l(fretinf.o)
    0x080078a8   0x080078a8   0x00000062   Code   RO         5833    x$fpl$frleqf        fz_ws.l(frleqf.o)
    0x0800790a   0x0800790a   0x00000002   PAD
    0x0800790c   0x0800790c   0x000000ea   Code   RO         5807    x$fpl$fsub          fz_ws.l(faddsub_clz.o)
    0x080079f6   0x080079f6   0x00000004   Code   RO         5835    x$fpl$printf1       fz_ws.l(printf1.o)
    0x080079fa   0x080079fa   0x00000000   Code   RO         5885    x$fpl$usenofp       fz_ws.l(usenofp.o)
    0x080079fa   0x080079fa   0x000000af   Data   RO          222    .constdata          usb_desc.o
    0x08007aa9   0x08007aa9   0x00000001   PAD
    0x08007aaa   0x08007aaa   0x00002814   Data   RO         4201    .constdata          fonts.o
    0x0800a2be   0x0800a2be   0x0000175c   Data   RO         4404    .constdata          oled_fonst.o
    0x0800ba1a   0x0800ba1a   0x00000011   Data   RO         5744    .constdata          c_w.l(__printf_flags_wp.o)
    0x0800ba2b   0x0800ba2b   0x00000001   PAD
    0x0800ba2c   0x0800ba2c   0x00000094   Data   RO         5922    .constdata          c_w.l(bigflt0.o)
    0x0800bac0   0x0800bac0   0x00000020   Data   RO         6164    Region$$Table       anon$$obj.o
    0x0800bae0   0x0800bae0   0x0000001c   Data   RO         5946    locale$$data        c_w.l(lc_numeric_c.o)


    Execution Region RW_IRAM1 (Exec base: 0x20000000, Load base: 0x0800bafc, Size: 0x00001b20, Max: 0x00005000, ABSOLUTE, COMPRESSED[0x00000134])

    Exec Addr    Load Addr    Size         Type   Attr      Idx    E Section Name        Object

    0x20000000   COMPRESSED   0x0000000c   Data   RW          223    .data               usb_desc.o
    0x2000000c   COMPRESSED   0x00000044   Data   RW          269    .data               usb_istr.o
    0x20000050   COMPRESSED   0x0000009c   Data   RW          306    .data               usb_prop.o
    0x200000ec   COMPRESSED   0x0000000c   Data   RW          414    .data               usb_pwr.o
    0x200000f8   COMPRESSED   0x00000003   Data   RW          470    .data               usb_core.o
    0x200000fb   COMPRESSED   0x00000001   PAD
    0x200000fc   COMPRESSED   0x00000014   Data   RW          572    .data               usb_init.o
    0x20000110   COMPRESSED   0x00000004   Data   RW          595    .data               usb_int.o
    0x20000114   COMPRESSED   0x00000014   Data   RW         2580    .data               stm32f10x_rcc.o
    0x20000128   COMPRESSED   0x00000014   Data   RW         3954    .data               system_stm32f10x.o
    0x2000013c   COMPRESSED   0x00000006   Data   RW         4031    .data               ssd1306.o
    0x20000142   COMPRESSED   0x00000002   PAD
    0x20000144   COMPRESSED   0x00000004   Data   RW         4157    .data               ssd1306_i2c.o
    0x20000148   COMPRESSED   0x00000018   Data   RW         4202    .data               fonts.o
    0x20000160   COMPRESSED   0x00000001   Data   RW         4245    .data               oled.o
    0x20000161   COMPRESSED   0x00000007   PAD
    0x20000168   COMPRESSED   0x00000338   Data   RW         4515    .data               main.o
    0x200004a0   COMPRESSED   0x00000006   Data   RW         5228    .data               systimer.o
    0x200004a6   COMPRESSED   0x00000002   PAD
    0x200004a8   COMPRESSED   0x00000012   Data   RW         5420    .data               encodetim2_pa0_pa1r.o
    0x200004ba   COMPRESSED   0x00000006   PAD
    0x200004c0   COMPRESSED   0x000000dc   Data   RW         5623    .data               preg.o
    0x2000059c        -       0x00000009   Zero   RW          239    .bss                usb_endp.o
    0x200005a5   COMPRESSED   0x00000003   PAD
    0x200005a8        -       0x0000001c   Zero   RW          571    .bss                usb_init.o
    0x200005c4        -       0x00000400   Zero   RW         4030    .bss                ssd1306.o
    0x200009c4        -       0x00000800   Zero   RW         4244    .bss                oled.o
    0x200011c4        -       0x00000010   Zero   RW         4403    .bss                oled_fonst.o
    0x200011d4   COMPRESSED   0x00000004   PAD
    0x200011d8        -       0x0000026c   Zero   RW         4513    .bss                main.o
    0x20001444        -       0x0000007c   Zero   RW         4972    .bss                onewire.o
    0x200014c0        -       0x00000060   Zero   RW         5956    .bss                c_w.l(libspace.o)
    0x20001520        -       0x00000200   Zero   RW         4004    HEAP                startup_stm32f10x_md.o
    0x20001720        -       0x00000400   Zero   RW         4003    STACK               startup_stm32f10x_md.o


==============================================================================

Image component sizes


      Code (inc. data)   RO Data    RW Data    ZI Data      Debug   Object Name

       100          6          0         18          0        815   encodetim2_pa0_pa1r.o
         0          0      10260         24          0       1175   fonts.o
       124          8          0          0          0     291512   hw_config.o
        44          0          0          0          0        999   i2c.o
      7766       1004          0        824        620      50571   main.o
       132         22          0          0          0       1615   misc.o
       760         52          0          1       2048       7066   oled.o
        80         18       5980          0         16       2728   oled_fonst.o
       870         28          0          0        124       4876   onewire.o
       164         30          0        220          0       4759   preg.o
       308         18          0          0          0        500   spi2_new.o
       826         42          0          6       1024       6041   ssd1306.o
       516         30          0          4          0       4299   ssd1306_i2c.o
        64         26        236          0       1536        920   startup_stm32f10x_md.o
        20          0          0          0          0        892   stm32_it.o
       422         10          0          0          0       8915   stm32f10x_adc.o
       476         18          0          0          0       4209   stm32f10x_dma.o
       200         18          0          0          0       2200   stm32f10x_exti.o
        52         12          0          0          0       1133   stm32f10x_flash.o
       350          4          0          0          0       3758   stm32f10x_gpio.o
       302         14          0          0          0       3766   stm32f10x_i2c.o
       764        110          0         20          0      12512   stm32f10x_rcc.o
        72         12          0          0          0       1628   stm32f10x_rtc.o
        24          0          0          0          0       2256   stm32f10x_spi.o
       238         42          0          0          0       4657   stm32f10x_tim.o
       344          6          0          0          0       6459   stm32f10x_usart.o
       480         46          0         20          0       3121   system_stm32f10x.o
       180         34          0          6          0      16971   systimer.o
      3058        288          0          3          0      14435   usb_core.o
         0          0        175         12          0       1048   usb_desc.o
        72          6          0          0          9       1969   usb_endp.o
        60         24          0         20         28       4102   usb_init.o
       648         32          0          4          0       1736   usb_int.o
       412         32          0         68          0       1507   usb_istr.o
        96         10          0          0          0       1772   usb_mem.o
       678        128          0        156          0      12642   usb_prop.o
       308         38          0         12          0       2874   usb_pwr.o
       712        100          0          0          0       9755   usb_regs.o
       128          8          0          0          0       2142   usb_sil.o

    ----------------------------------------------------------------------
     21884       2276      16684       1436       5412     504335   Object Totals
         0          0         32          0          0          0   (incl. Generated)
        34          0          1         18          7          0   (incl. Padding)

    ----------------------------------------------------------------------

      Code (inc. data)   RO Data    RW Data    ZI Data      Debug   Library Member Name

        90          0          0          0          0          0   __dczerorl2.o
         8          0          0          0          0         68   __main.o
       312          4         17          0          0         92   __printf_flags_wp.o
        14          0          0          0          0         68   __printf_wp.o
         0          0          0          0          0          0   __rtentry.o
        12          0          0          0          0          0   __rtentry2.o
         6          0          0          0          0          0   __rtentry4.o
        52          8          0          0          0          0   __scatter.o
        28          0          0          0          0          0   __scatter_zi.o
        48          6          0          0          0         96   _printf_char_common.o
      1054          0          0          0          0        216   _printf_fp_dec.o
       128         16          0          0          0         84   _printf_fp_infnan.o
         6          0          0          0          0          0   _printf_g.o
         0          0          0          0          0          0   _printf_percent.o
         4          0          0          0          0          0   _printf_percent_end.o
        16          0          0          0          0         68   _snputc.o
        10          0          0          0          0         68   _sputc.o
        16          0          0          0          0         68   aeabi_memset.o
       228          4        148          0          0         96   bigflt0.o
      1936        128          0          0          0        672   btod.o
        18          0          0          0          0         80   exit.o
         6          0          0          0          0        152   heapauxi.o
         0          0          0          0          0          0   indicate_semi.o
        44         10         28          0          0         76   lc_numeric_c.o
         2          0          0          0          0          0   libinit.o
        18          0          0          0          0          0   libinit2.o
         2          0          0          0          0          0   libshutdown.o
         2          0          0          0          0          0   libshutdown2.o
         8          4          0          0         96         68   libspace.o
       138          0          0          0          0         80   lludiv10.o
        52          4          0          0          0         84   noretval__2snprintf.o
         8          4          0          0          0         68   rt_locale_intlibspace.o
        68          0          0          0          0         68   rt_memclr.o
        78          0          0          0          0         80   rt_memclr_w.o
         2          0          0          0          0          0   rtexit.o
        10          0          0          0          0          0   rtexit2.o
       128          0          0          0          0         68   strcmpv7m.o
        62          0          0          0          0         76   strlen.o
        12          4          0          0          0         68   sys_exit.o
        74          0          0          0          0         80   sys_stackheap_outer.o
         2          0          0          0          0         68   use_no_semi.o
        98          4          0          0          0         92   d2f.o
       804         16          0          0          0        272   daddsub_clz.o
        24          0          0          0          0         68   dcmpi.o
       688        140          0          0          0        208   ddiv.o
       120          4          0          0          0         92   deqf.o
        94          4          0          0          0         92   dfix.o
        90          4          0          0          0         92   dfixu.o
        46          0          0          0          0         68   dflt_clz.o
       120          4          0          0          0         92   dleqf.o
       340         12          0          0          0        104   dmul.o
       156          4          0          0          0         92   dnaninf.o
        12          0          0          0          0         68   dretinf.o
       108          0          0          0          0         80   drleqf.o
        86          4          0          0          0         84   f2d.o
       430          8          0          0          0        168   faddsub_clz.o
        24          0          0          0          0         68   fcmpi.o
       388         76          0          0          0         96   fdiv.o
        54          4          0          0          0         84   ffix.o
        48          0          0          0          0         68   fflt_clz.o
       104          4          0          0          0         84   fleqf.o
       258          4          0          0          0         84   fmul.o
       140          4          0          0          0         84   fnaninf.o
        10          0          0          0          0         68   fretinf.o
        98          0          0          0          0         68   frleqf.o
         4          0          0          0          0         68   printf1.o
         0          0          0          0          0          0   usenofp.o
        40          0          0          0          0         68   fpclassify.o

    ----------------------------------------------------------------------
      9106        488        194          0         96       5224   Library Totals
        20          0          1          0          0          0   (incl. Padding)

    ----------------------------------------------------------------------

      Code (inc. data)   RO Data    RW Data    ZI Data      Debug   Library Name

      4702        192        193          0         96       2712   c_w.l
      4344        296          0          0          0       2444   fz_ws.l
        40          0          0          0          0         68   m_ws.l

    ----------------------------------------------------------------------
      9106        488        194          0         96       5224   Library Totals

    ----------------------------------------------------------------------

==============================================================================


      Code (inc. data)   RO Data    RW Data    ZI Data      Debug   

     30990       2764      16878       1436       5508     495203   Grand Totals
     30990       2764      16878        308       5508     495203   ELF Image Totals (compressed)
     30990       2764      16878        308          0          0   ROM Totals

==============================================================================

    Total RO  Size (Code + RO Data)                47868 (  46.75kB)
    Total RW  Size (RW Data + ZI Data)              6944 (   6.78kB)
    Total ROM Size (Code + RO Data + RW Data)      48176 (  47.05kB)

==============================================================================

